[transformers] `torch_dtype` is deprecated! Use `dtype` instead!
Loading weights:   0%|          | 0/288 [00:00<?, ?it/s]Loading weights:   0%|          | 1/288 [00:02<11:09,  2.33s/it]Loading weights:  28%|██▊       | 81/288 [00:02<00:04, 46.32it/s]Loading weights:  43%|████▎     | 125/288 [00:03<00:03, 47.26it/s]Loading weights:  52%|█████▏    | 151/288 [00:03<00:02, 48.34it/s]Loading weights:  59%|█████▊    | 169/288 [00:04<00:02, 46.39it/s]Loading weights:  63%|██████▎   | 182/288 [00:04<00:02, 47.03it/s]Loading weights:  67%|██████▋   | 193/288 [00:04<00:02, 43.93it/s]Loading weights:  70%|███████   | 202/288 [00:05<00:01, 45.94it/s]Loading weights:  73%|███████▎  | 210/288 [00:05<00:01, 47.49it/s]Loading weights:  76%|███████▋  | 220/288 [00:05<00:01, 46.99it/s]Loading weights:  79%|███████▉  | 227/288 [00:05<00:01, 45.96it/s]Loading weights:  81%|████████  | 233/288 [00:05<00:01, 47.04it/s]Loading weights:  84%|████████▍ | 242/288 [00:05<00:00, 46.59it/s]Loading weights:  86%|████████▌ | 248/288 [00:06<00:00, 45.74it/s]Loading weights:  88%|████████▊ | 254/288 [00:06<00:00, 40.17it/s]Loading weights:  93%|█████████▎| 268/288 [00:06<00:00, 57.30it/s]Loading weights:  95%|█████████▌| 275/288 [00:06<00:00, 58.12it/s]Loading weights:  98%|█████████▊| 282/288 [00:06<00:00, 57.47it/s]Loading weights: 100%|██████████| 288/288 [00:06<00:00, 43.75it/s]
task=syntaxgym/agr_sv_num_subj-relc num_spans=6 d_sae=16384 layer=12
step 0  loss 9.5309  k~7
step 100  loss 4.4866  k~14
step 200  loss 4.4509  k~556
step 300  loss 4.1304  k~2
step 400  loss 4.2806  k~4
step 500  loss 4.0072  k~704
step 600  loss 3.8797  k~457
step 700  loss 4.0891  k~45
step 800  loss 4.1654  k~39
step 900  loss 4.0413  k~504
step 1000  loss 4.0860  k~14331
step 1100  loss 3.8885  k~4532
step 1200  loss 4.0536  k~526
step 1300  loss 4.0220  k~40
step 1400  loss 4.0613  k~8
step 1500  loss 3.9213  k~8
step 1600  loss 3.8984  k~656
step 1700  loss 4.3028  k~5252
step 1800  loss 3.8117  k~880
step 1900  loss 4.1238  k~1
step 2000  loss 4.1242  k~980
step 2100  loss 3.9648  k~10105
step 2200  loss 4.1068  k~9
step 2300  loss 3.9731  k~18
step 2400  loss 3.9635  k~10529
step 2500  loss 3.9906  k~109
step 2600  loss 3.9910  k~5524
step 2700  loss 3.9655  k~56
step 2800  loss 4.0464  k~10
step 2900  loss 4.1449  k~5
step 3000  loss 3.8657  k~22
step 3100  loss 3.9194  k~3153
step 3200  loss 3.9038  k~3004
step 3300  loss 4.0469  k~14
step 3400  loss 3.9480  k~48
step 3500  loss 4.0572  k~35
step 3600  loss 4.1451  k~202
step 3700  loss 4.1589  k~1425
step 3800  loss 3.9589  k~554
step 3900  loss 4.0186  k~8
evaluating sufficiency curve...
ERROR NODE: score=12.868 rank=1/16384 (max feat score 16.141)
=== SUFFICIENCY CURVE (prob-diff base-src; higher=more sufficient) ===
k=    1  learned acc=0.250 pd=-1.103   random acc=0.000 pd=-3.366
k=    2  learned acc=0.525 pd=-0.036   random acc=0.000 pd=-3.366
k=    4  learned acc=0.713 pd=+0.994   random acc=0.000 pd=-3.364
k=    8  learned acc=0.863 pd=+1.867   random acc=0.000 pd=-3.364
k=   12  learned acc=0.863 pd=+2.092   random acc=0.000 pd=-3.364
k=   16  learned acc=0.900 pd=+2.302   random acc=0.000 pd=-3.367
k=   24  learned acc=0.900 pd=+2.417   random acc=0.000 pd=-3.367
k=   32  learned acc=0.900 pd=+2.484   random acc=0.000 pd=-3.366
k=   48  learned acc=0.925 pd=+2.612   random acc=0.000 pd=-3.361
k=   64  learned acc=0.925 pd=+2.645   random acc=0.000 pd=-3.359
k=   96  learned acc=0.938 pd=+2.753   random acc=0.000 pd=-3.363
k=  128  learned acc=0.925 pd=+2.833   random acc=0.000 pd=-3.356
k=  192  learned acc=0.938 pd=+2.867   random acc=0.000 pd=-3.366
k=  256  learned acc=0.950 pd=+2.920   random acc=0.013 pd=-3.284
k=  384  learned acc=0.950 pd=+2.967   random acc=0.013 pd=-3.280
k=  512  learned acc=0.950 pd=+2.992   random acc=0.000 pd=-3.270
k=  768  learned acc=0.950 pd=+3.042   random acc=0.000 pd=-3.269
k= 1024  learned acc=0.963 pd=+3.058   random acc=0.000 pd=-3.148
k= 2048  learned acc=0.975 pd=+3.087   random acc=0.013 pd=-3.052
k= 4096  learned acc=0.963 pd=+3.112   random acc=0.013 pd=-2.937
