[transformers] `torch_dtype` is deprecated! Use `dtype` instead!
Loading weights:   0%|          | 0/288 [00:00<?, ?it/s]Loading weights:   0%|          | 1/288 [00:02<10:46,  2.25s/it]Loading weights:  28%|██▊       | 81/288 [00:02<00:04, 47.62it/s]Loading weights:  42%|████▏     | 121/288 [00:03<00:03, 49.31it/s]Loading weights:  50%|█████     | 145/288 [00:03<00:02, 48.15it/s]Loading weights:  56%|█████▋    | 162/288 [00:04<00:02, 45.55it/s]Loading weights:  60%|██████    | 174/288 [00:04<00:02, 45.83it/s]Loading weights:  64%|██████▍   | 184/288 [00:04<00:02, 50.50it/s]Loading weights:  67%|██████▋   | 194/288 [00:04<00:01, 48.28it/s]Loading weights:  70%|███████   | 202/288 [00:04<00:01, 45.37it/s]Loading weights:  73%|███████▎  | 209/288 [00:05<00:01, 45.59it/s]Loading weights:  75%|███████▍  | 215/288 [00:05<00:01, 40.33it/s]Loading weights:  78%|███████▊  | 224/288 [00:05<00:01, 46.03it/s]Loading weights:  80%|████████  | 231/288 [00:05<00:01, 46.64it/s]Loading weights:  84%|████████▍ | 242/288 [00:05<00:01, 46.00it/s]Loading weights:  86%|████████▌ | 248/288 [00:06<00:00, 40.49it/s]Loading weights:  91%|█████████▏| 263/288 [00:06<00:00, 59.25it/s]Loading weights:  94%|█████████▍| 271/288 [00:06<00:00, 58.62it/s]Loading weights:  97%|█████████▋| 279/288 [00:06<00:00, 51.35it/s]Loading weights: 100%|██████████| 288/288 [00:06<00:00, 44.29it/s]
task=syntaxgym/agr_gender num_spans=4 d_sae=16384 layer=12
step 0  loss 4.3999  k~1972
step 100  loss 1.3397  k~3
step 200  loss 0.7923  k~66
step 300  loss 0.8383  k~144
step 400  loss 0.7797  k~4359
step 500  loss 0.7360  k~4143
step 600  loss 0.7897  k~11879
step 700  loss 0.7613  k~827
step 800  loss 0.7764  k~1006
step 900  loss 0.7486  k~4490
step 1000  loss 0.8087  k~2
step 1100  loss 0.7789  k~322
step 1200  loss 0.7925  k~1234
step 1300  loss 0.7526  k~239
step 1400  loss 0.7469  k~3039
step 1500  loss 0.8115  k~85
step 1600  loss 0.7369  k~8
step 1700  loss 0.8111  k~37
step 1800  loss 0.7741  k~7
step 1900  loss 0.7611  k~181
step 2000  loss 0.7675  k~5
step 2100  loss 0.7527  k~9
step 2200  loss 0.7688  k~6
step 2300  loss 0.7948  k~3
step 2400  loss 0.7784  k~1687
step 2500  loss 0.8036  k~7042
step 2600  loss 0.7389  k~321
step 2700  loss 0.7799  k~83
step 2800  loss 0.7472  k~5283
step 2900  loss 0.8152  k~47
step 3000  loss 0.7650  k~2811
step 3100  loss 0.7582  k~18
step 3200  loss 0.7709  k~249
step 3300  loss 0.7586  k~9
step 3400  loss 0.7958  k~489
step 3500  loss 0.7825  k~11825
step 3600  loss 0.7919  k~9763
step 3700  loss 0.7636  k~3981
step 3800  loss 0.7659  k~1
step 3900  loss 0.7260  k~2257
evaluating sufficiency curve...
ERROR NODE: score=7.609 rank=1/16384 (max feat score 11.472)
=== SUFFICIENCY CURVE (prob-diff base-src; higher=more sufficient) ===
k=    1  learned acc=0.787 pd=+0.736   random acc=0.000 pd=-3.581
k=    2  learned acc=0.925 pd=+1.756   random acc=0.000 pd=-3.581
k=    4  learned acc=0.963 pd=+2.592   random acc=0.000 pd=-3.581
k=    8  learned acc=0.988 pd=+3.125   random acc=0.000 pd=-3.581
k=   12  learned acc=0.988 pd=+3.145   random acc=0.000 pd=-3.581
k=   16  learned acc=0.988 pd=+3.170   random acc=0.000 pd=-3.581
k=   24  learned acc=0.988 pd=+3.205   random acc=0.000 pd=-3.584
k=   32  learned acc=0.988 pd=+3.228   random acc=0.000 pd=-3.581
k=   48  learned acc=1.000 pd=+3.278   random acc=0.000 pd=-3.584
k=   64  learned acc=1.000 pd=+3.311   random acc=0.000 pd=-3.586
k=   96  learned acc=1.000 pd=+3.362   random acc=0.000 pd=-3.586
k=  128  learned acc=1.000 pd=+3.409   random acc=0.000 pd=-3.587
k=  192  learned acc=1.000 pd=+3.497   random acc=0.000 pd=-3.583
k=  256  learned acc=1.000 pd=+3.541   random acc=0.000 pd=-3.584
k=  384  learned acc=1.000 pd=+3.575   random acc=0.000 pd=-3.581
k=  512  learned acc=1.000 pd=+3.623   random acc=0.000 pd=-3.058
k=  768  learned acc=1.000 pd=+3.700   random acc=0.000 pd=-3.044
k= 1024  learned acc=1.000 pd=+3.702   random acc=0.000 pd=-3.047
k= 2048  learned acc=1.000 pd=+3.672   random acc=0.000 pd=-3.033
k= 4096  learned acc=1.000 pd=+3.672   random acc=0.000 pd=-2.978
