[transformers] `torch_dtype` is deprecated! Use `dtype` instead!
Loading weights:   0%|          | 0/288 [00:00<?, ?it/s]Loading weights:   0%|          | 1/288 [00:00<03:07,  1.53it/s]Loading weights:  27%|██▋       | 78/288 [00:00<00:01, 134.16it/s]Loading weights:  40%|████      | 116/288 [00:01<00:01, 131.51it/s]Loading weights:  50%|████▉     | 143/288 [00:01<00:01, 141.10it/s]Loading weights:  58%|█████▊    | 166/288 [00:01<00:00, 125.33it/s]Loading weights:  64%|██████▍   | 184/288 [00:01<00:00, 119.49it/s]Loading weights:  69%|██████▉   | 200/288 [00:01<00:00, 120.78it/s]Loading weights:  75%|███████▍  | 215/288 [00:01<00:00, 116.79it/s]Loading weights:  81%|████████  | 232/288 [00:02<00:00, 120.80it/s]Loading weights:  86%|████████▌ | 247/288 [00:02<00:00, 119.02it/s]Loading weights:  93%|█████████▎| 267/288 [00:02<00:00, 135.51it/s]Loading weights: 100%|██████████| 288/288 [00:02<00:00, 122.14it/s]
DAS-64 single-layer L12 task=syntaxgym/agr_gender
step 0 loss 4.1735
step 100 loss 0.8827
step 200 loss 0.7413
step 300 loss 0.7095
step 400 loss 0.6848
step 500 loss 0.6386
step 600 loss 0.6693
step 700 loss 0.6167
step 800 loss 0.6356
step 900 loss 0.6024
step 1000 loss 0.6185
step 1100 loss 0.5913
step 1200 loss 0.6246
step 1300 loss 0.5981
step 1400 loss 0.6203
step 1500 loss 0.6191
step 1600 loss 0.5447
step 1700 loss 0.6050
step 1800 loss 0.6086
step 1900 loss 0.6773
step 2000 loss 0.6422
step 2100 loss 0.6087
step 2200 loss 0.5753
step 2300 loss 0.6382
step 2400 loss 0.6044
step 2500 loss 0.5902
step 2600 loss 0.6197
step 2700 loss 0.6312
step 2800 loss 0.6575
step 2900 loss 0.7307
step 3000 loss 0.6070
step 3100 loss 0.6429
step 3200 loss 0.6250
step 3300 loss 0.6108
step 3400 loss 0.6546
step 3500 loss 0.5927
step 3600 loss 0.7205
step 3700 loss 0.6848
step 3800 loss 0.6360
step 3900 loss 0.6011
=== DAS-64 SUFFICIENCY ===
k=  1 learned acc=1.000 pd=+2.353 random acc=0.000
k=  2 learned acc=1.000 pd=+2.625 random acc=0.000
k=  4 learned acc=1.000 pd=+2.872 random acc=0.000
k=  8 learned acc=1.000 pd=+3.471 random acc=0.000
k= 12 learned acc=1.000 pd=+3.615 random acc=0.000
k= 16 learned acc=1.000 pd=+3.700 random acc=0.000
k= 24 learned acc=1.000 pd=+3.994 random acc=0.000
k= 32 learned acc=1.000 pd=+4.100 random acc=0.000
k= 48 learned acc=1.000 pd=+4.302 random acc=0.000
k= 64 learned acc=1.000 pd=+4.361 random acc=1.000
