[transformers] `torch_dtype` is deprecated! Use `dtype` instead!
Loading weights:   0%|          | 0/288 [00:00<?, ?it/s]Loading weights:   0%|          | 1/288 [00:00<03:14,  1.48it/s]Loading weights:  28%|██▊       | 81/288 [00:00<00:01, 132.97it/s]Loading weights:  41%|████      | 117/288 [00:01<00:01, 145.15it/s]Loading weights:  50%|█████     | 145/288 [00:01<00:00, 143.86it/s]Loading weights:  58%|█████▊    | 167/288 [00:01<00:00, 132.70it/s]Loading weights:  64%|██████▍   | 185/288 [00:01<00:00, 125.32it/s]Loading weights:  70%|███████   | 202/288 [00:01<00:00, 130.19it/s]Loading weights:  76%|███████▌  | 218/288 [00:01<00:00, 132.83it/s]Loading weights:  81%|████████▏ | 234/288 [00:01<00:00, 126.12it/s]Loading weights:  88%|████████▊ | 254/288 [00:02<00:00, 134.74it/s]Loading weights:  93%|█████████▎| 269/288 [00:02<00:00, 123.20it/s]Loading weights: 100%|██████████| 288/288 [00:02<00:00, 125.35it/s]
DAS-64 single-layer L12 task=syntaxgym/gss_subord_subj-relc
step 0 loss 3.4424
step 100 loss 0.5264
step 200 loss 0.0699
step 300 loss 0.0252
step 400 loss 0.0567
step 500 loss 0.0033
step 600 loss 0.0007
step 700 loss 0.0096
step 800 loss 0.0019
step 900 loss 0.0387
step 1000 loss 0.0008
step 1100 loss 0.0018
step 1200 loss 0.0004
step 1300 loss 0.0043
step 1400 loss 0.0022
step 1500 loss 0.0002
step 1600 loss 0.0012
step 1700 loss 0.0010
step 1800 loss 0.0203
step 1900 loss 0.0022
step 2000 loss 0.0005
step 2100 loss 0.0002
step 2200 loss 0.0001
step 2300 loss 0.0001
step 2400 loss 0.0001
step 2500 loss 0.0000
step 2600 loss 0.0003
step 2700 loss 0.0001
step 2800 loss 0.0000
step 2900 loss 0.0000
step 3000 loss 0.0000
step 3100 loss 0.0000
step 3200 loss 0.0001
step 3300 loss 0.0000
step 3400 loss 0.0000
step 3500 loss 0.0000
step 3600 loss 0.0000
step 3700 loss 0.0000
step 3800 loss 0.0000
step 3900 loss 0.0000
=== DAS-64 SUFFICIENCY ===
k=  1 learned acc=1.000 pd=+11.552 random acc=0.050
k=  2 learned acc=1.000 pd=+13.810 random acc=0.050
k=  4 learned acc=1.000 pd=+16.607 random acc=0.062
k=  8 learned acc=1.000 pd=+17.986 random acc=0.087
k= 12 learned acc=1.000 pd=+18.357 random acc=0.113
k= 16 learned acc=1.000 pd=+18.661 random acc=0.138
k= 24 learned acc=1.000 pd=+19.227 random acc=0.412
k= 32 learned acc=1.000 pd=+20.022 random acc=0.787
k= 48 learned acc=1.000 pd=+20.618 random acc=0.863
k= 64 learned acc=0.938 pd=+1.281 random acc=0.938
