[transformers] `torch_dtype` is deprecated! Use `dtype` instead!
Loading weights:   0%|          | 0/288 [00:00<?, ?it/s]Loading weights:   0%|          | 1/288 [00:00<03:15,  1.47it/s]Loading weights:  28%|██▊       | 81/288 [00:00<00:01, 135.78it/s]Loading weights:  42%|████▏     | 122/288 [00:01<00:01, 144.47it/s]Loading weights:  53%|█████▎    | 152/288 [00:01<00:01, 131.60it/s]Loading weights:  60%|██████    | 174/288 [00:01<00:00, 130.66it/s]Loading weights:  67%|██████▋   | 193/288 [00:01<00:00, 126.65it/s]Loading weights:  73%|███████▎  | 210/288 [00:01<00:00, 131.66it/s]Loading weights:  78%|███████▊  | 226/288 [00:01<00:00, 131.97it/s]Loading weights:  84%|████████▍ | 243/288 [00:02<00:00, 136.64it/s]Loading weights:  90%|████████▉ | 259/288 [00:02<00:00, 133.90it/s]Loading weights:  95%|█████████▌| 274/288 [00:02<00:00, 133.91it/s]Loading weights: 100%|██████████| 288/288 [00:02<00:00, 125.12it/s]
DAS-64 single-layer L12 task=syntaxgym/gss_subord_obj-relc
step 0 loss 2.1399
step 100 loss 0.3653
step 200 loss 0.1058
step 300 loss 0.1786
step 400 loss 0.0232
step 500 loss 0.0039
step 600 loss 0.0019
step 700 loss 0.0006
step 800 loss 0.0005
step 900 loss 0.1464
step 1000 loss 0.0152
step 1100 loss 0.0102
step 1200 loss 0.0062
step 1300 loss 0.0025
step 1400 loss 0.0002
step 1500 loss 0.0011
step 1600 loss 0.0001
step 1700 loss 0.0001
step 1800 loss 0.0003
step 1900 loss 0.0003
step 2000 loss 0.0000
step 2100 loss 0.0002
step 2200 loss 0.0002
step 2300 loss 0.0000
step 2400 loss 0.0004
step 2500 loss 0.1472
step 2600 loss 0.0402
step 2700 loss 0.0223
step 2800 loss 0.0313
step 2900 loss 0.0020
step 3000 loss 0.0002
step 3100 loss 0.0020
step 3200 loss 0.0003
step 3300 loss 0.0133
step 3400 loss 0.0744
step 3500 loss 0.0059
step 3600 loss 0.0114
step 3700 loss 0.0063
step 3800 loss 0.0055
step 3900 loss 0.0002
=== DAS-64 SUFFICIENCY ===
k=  1 learned acc=1.000 pd=+5.834 random acc=0.013
k=  2 learned acc=1.000 pd=+8.939 random acc=0.037
k=  4 learned acc=1.000 pd=+11.670 random acc=0.037
k=  8 learned acc=1.000 pd=+17.541 random acc=0.037
k= 12 learned acc=1.000 pd=+18.420 random acc=0.087
k= 16 learned acc=1.000 pd=+18.209 random acc=0.050
k= 24 learned acc=1.000 pd=+18.715 random acc=0.175
k= 32 learned acc=1.000 pd=+18.792 random acc=0.463
k= 48 learned acc=1.000 pd=+18.436 random acc=0.738
k= 64 learned acc=0.950 pd=+3.156 random acc=0.950
