[transformers] `torch_dtype` is deprecated! Use `dtype` instead!
Loading weights:   0%|          | 0/288 [00:00<?, ?it/s]Loading weights:   0%|          | 1/288 [00:00<02:55,  1.63it/s]Loading weights:  25%|██▍       | 71/288 [00:00<00:01, 127.16it/s]Loading weights:  36%|███▌      | 104/288 [00:00<00:01, 132.65it/s]Loading weights:  45%|████▍     | 129/288 [00:01<00:01, 139.21it/s]Loading weights:  52%|█████▏    | 150/288 [00:01<00:00, 146.35it/s]Loading weights:  59%|█████▉    | 170/288 [00:01<00:00, 125.12it/s]Loading weights:  66%|██████▌   | 190/288 [00:01<00:00, 133.01it/s]Loading weights:  73%|███████▎  | 209/288 [00:01<00:00, 138.81it/s]Loading weights:  78%|███████▊  | 225/288 [00:01<00:00, 123.50it/s]Loading weights:  85%|████████▌ | 245/288 [00:02<00:00, 131.88it/s]Loading weights:  92%|█████████▏| 264/288 [00:02<00:00, 142.71it/s]Loading weights:  97%|█████████▋| 280/288 [00:02<00:00, 140.36it/s]Loading weights: 100%|██████████| 288/288 [00:02<00:00, 127.78it/s]
DAS-64 single-layer L12 task=syntaxgym/agr_refl_num_obj-relc
step 0 loss 3.7820
step 100 loss 4.2620
step 200 loss 3.5401
step 300 loss 3.5308
step 400 loss 3.3950
step 500 loss 3.1614
step 600 loss 2.8693
step 700 loss 2.8911
step 800 loss 2.6946
step 900 loss 3.1119
step 1000 loss 2.9357
step 1100 loss 2.7850
step 1200 loss 2.2504
step 1300 loss 2.6736
step 1400 loss 2.3222
step 1500 loss 2.4927
step 1600 loss 2.9477
step 1700 loss 2.3748
step 1800 loss 2.2990
step 1900 loss 2.2434
step 2000 loss 2.3708
step 2100 loss 2.9591
step 2200 loss 2.6103
step 2300 loss 2.7514
step 2400 loss 2.4896
step 2500 loss 2.3402
step 2600 loss 2.5457
step 2700 loss 2.6072
step 2800 loss 2.7532
step 2900 loss 2.3147
step 3000 loss 2.3694
step 3100 loss 2.3041
step 3200 loss 2.5149
step 3300 loss 2.2504
step 3400 loss 2.5074
step 3500 loss 2.1291
step 3600 loss 2.4412
step 3700 loss 2.2075
step 3800 loss 2.2741
step 3900 loss 2.6339
=== DAS-64 SUFFICIENCY ===
k=  1 learned acc=0.775 pd=+1.284 random acc=0.775
k=  2 learned acc=0.850 pd=+1.862 random acc=0.775
k=  4 learned acc=0.925 pd=+2.506 random acc=0.762
k=  8 learned acc=0.938 pd=+2.900 random acc=0.787
k= 12 learned acc=0.963 pd=+3.088 random acc=0.800
k= 16 learned acc=0.975 pd=+3.271 random acc=0.900
k= 24 learned acc=0.975 pd=+3.395 random acc=0.925
k= 32 learned acc=1.000 pd=+3.509 random acc=0.938
k= 48 learned acc=1.000 pd=+3.678 random acc=0.988
k= 64 learned acc=1.000 pd=+3.851 random acc=1.000
