[transformers] `torch_dtype` is deprecated! Use `dtype` instead!
Loading weights:   0%|          | 0/288 [00:00<?, ?it/s]Loading weights:   0%|          | 1/288 [00:01<08:31,  1.78s/it]Loading weights:  32%|███▏      | 93/288 [00:01<00:02, 65.10it/s]Loading weights:  43%|████▎     | 124/288 [00:02<00:02, 71.42it/s]Loading weights:  50%|█████     | 145/288 [00:02<00:02, 68.47it/s]Loading weights:  56%|█████▌    | 160/288 [00:02<00:01, 65.79it/s]Loading weights:  60%|█████▉    | 172/288 [00:03<00:01, 64.38it/s]Loading weights:  63%|██████▎   | 182/288 [00:03<00:01, 67.72it/s]Loading weights:  67%|██████▋   | 192/288 [00:03<00:01, 61.23it/s]Loading weights:  70%|███████   | 202/288 [00:03<00:01, 67.05it/s]Loading weights:  74%|███████▍  | 214/288 [00:03<00:01, 61.33it/s]Loading weights:  80%|███████▉  | 230/288 [00:03<00:00, 76.21it/s]Loading weights:  83%|████████▎ | 240/288 [00:04<00:00, 72.80it/s]Loading weights:  86%|████████▋ | 249/288 [00:04<00:00, 71.52it/s]Loading weights:  90%|████████▉ | 258/288 [00:04<00:00, 74.94it/s]Loading weights:  93%|█████████▎| 268/288 [00:04<00:00, 63.47it/s]Loading weights: 100%|██████████| 288/288 [00:04<00:00, 62.41it/s]
DAS-64 single-layer L12 task=syntaxgym/filler_gap_embed_4
step 0 loss 2.8965
step 100 loss 2.1407
step 200 loss 0.8580
step 300 loss 0.8788
step 400 loss 0.6208
step 500 loss 0.7356
step 600 loss 0.7374
step 700 loss 0.5229
step 800 loss 0.6181
step 900 loss 0.6096
step 1000 loss 0.5050
step 1100 loss 0.4739
step 1200 loss 0.5455
step 1300 loss 0.4924
step 1400 loss 0.4451
step 1500 loss 0.5254
step 1600 loss 0.5376
step 1700 loss 0.4149
step 1800 loss 0.4939
step 1900 loss 0.5416
step 2000 loss 0.6593
step 2100 loss 0.5748
step 2200 loss 0.4035
step 2300 loss 0.4462
step 2400 loss 0.3893
step 2500 loss 0.5803
step 2600 loss 0.3617
step 2700 loss 0.3239
step 2800 loss 0.4618
step 2900 loss 0.4928
step 3000 loss 0.4442
step 3100 loss 0.4318
step 3200 loss 0.3899
step 3300 loss 0.3191
step 3400 loss 0.6595
step 3500 loss 0.4816
step 3600 loss 0.3751
step 3700 loss 0.4554
step 3800 loss 0.5129
step 3900 loss 0.4154
=== DAS-64 SUFFICIENCY ===
k=  1 learned acc=0.700 pd=+1.237 random acc=0.438
k=  2 learned acc=0.700 pd=+1.495 random acc=0.450
k=  4 learned acc=0.938 pd=+5.203 random acc=0.438
k=  8 learned acc=0.975 pd=+6.120 random acc=0.463
k= 12 learned acc=0.988 pd=+6.535 random acc=0.463
k= 16 learned acc=1.000 pd=+6.679 random acc=0.375
k= 24 learned acc=1.000 pd=+6.900 random acc=0.438
k= 32 learned acc=1.000 pd=+6.976 random acc=0.475
k= 48 learned acc=1.000 pd=+7.117 random acc=0.500
k= 64 learned acc=0.775 pd=+2.819 random acc=0.775
