[transformers] `torch_dtype` is deprecated! Use `dtype` instead!
Loading weights:   0%|          | 0/288 [00:00<?, ?it/s]Loading weights:   0%|          | 1/288 [00:00<02:56,  1.62it/s]Loading weights:  43%|████▎     | 124/288 [00:00<00:00, 230.01it/s]Loading weights:  67%|██████▋   | 193/288 [00:00<00:00, 249.02it/s]Loading weights:  84%|████████▍ | 243/288 [00:01<00:00, 272.14it/s]Loading weights: 100%|█████████▉| 287/288 [00:01<00:00, 284.23it/s]Loading weights: 100%|██████████| 288/288 [00:01<00:00, 229.27it/s]
DAS-64 single-layer L12 task=syntaxgym/npi_any_subj-relc
step 0 loss 12.6422
step 100 loss 3.9453
step 200 loss 2.0218
step 300 loss 1.0151
step 400 loss 1.2497
step 500 loss 1.0397
step 600 loss 1.1739
step 700 loss 0.8475
step 800 loss 0.9210
step 900 loss 0.9736
step 1000 loss 0.9999
step 1100 loss 0.8915
step 1200 loss 1.1130
step 1300 loss 1.0324
step 1400 loss 1.1084
step 1500 loss 0.8765
step 1600 loss 0.6751
step 1700 loss 0.8363
step 1800 loss 0.7370
step 1900 loss 0.7706
step 2000 loss 0.9368
step 2100 loss 0.6872
step 2200 loss 1.1737
step 2300 loss 0.7202
step 2400 loss 0.8078
step 2500 loss 0.8251
step 2600 loss 0.6029
step 2700 loss 0.4672
step 2800 loss 0.6103
step 2900 loss 0.6158
step 3000 loss 0.5972
step 3100 loss 0.5570
step 3200 loss 0.6945
step 3300 loss 0.6985
step 3400 loss 0.7626
step 3500 loss 0.7128
step 3600 loss 0.5562
step 3700 loss 0.4237
step 3800 loss 0.7127
step 3900 loss 0.5521
=== DAS-64 SUFFICIENCY ===
k=  1 learned acc=0.662 pd=+1.787 random acc=0.087
k=  2 learned acc=0.938 pd=+3.569 random acc=0.087
k=  4 learned acc=0.988 pd=+8.918 random acc=0.087
k=  8 learned acc=1.000 pd=+11.799 random acc=0.087
k= 12 learned acc=1.000 pd=+12.435 random acc=0.100
k= 16 learned acc=1.000 pd=+13.153 random acc=0.100
k= 24 learned acc=1.000 pd=+13.662 random acc=0.075
k= 32 learned acc=1.000 pd=+13.827 random acc=0.100
k= 48 learned acc=1.000 pd=+13.950 random acc=1.000
k= 64 learned acc=1.000 pd=+13.099 random acc=1.000
