[transformers] `torch_dtype` is deprecated! Use `dtype` instead!
Loading weights:   0%|          | 0/288 [00:00<?, ?it/s]Loading weights:   0%|          | 1/288 [00:01<07:42,  1.61s/it]Loading weights:  32%|███▏      | 91/288 [00:01<00:02, 69.25it/s]Loading weights:  42%|████▏     | 121/288 [00:02<00:02, 76.05it/s]Loading weights:  49%|████▉     | 142/288 [00:02<00:02, 69.94it/s]Loading weights:  55%|█████▍    | 157/288 [00:02<00:01, 70.32it/s]Loading weights:  59%|█████▊    | 169/288 [00:02<00:01, 64.54it/s]Loading weights:  62%|██████▏   | 179/288 [00:03<00:01, 68.14it/s]Loading weights:  66%|██████▌   | 189/288 [00:03<00:01, 66.47it/s]Loading weights:  69%|██████▉   | 198/288 [00:03<00:01, 67.53it/s]Loading weights:  72%|███████▏  | 206/288 [00:03<00:01, 63.49it/s]Loading weights:  74%|███████▍  | 214/288 [00:03<00:01, 59.89it/s]Loading weights:  77%|███████▋  | 223/288 [00:03<00:01, 59.54it/s]Loading weights:  80%|████████  | 231/288 [00:03<00:00, 63.18it/s]Loading weights:  83%|████████▎ | 238/288 [00:04<00:00, 56.63it/s]Loading weights:  86%|████████▌ | 247/288 [00:04<00:00, 53.47it/s]Loading weights:  89%|████████▉ | 257/288 [00:04<00:00, 59.09it/s]Loading weights:  93%|█████████▎| 269/288 [00:04<00:00, 69.93it/s]Loading weights: 100%|██████████| 288/288 [00:04<00:00, 62.72it/s]
DAS-64 single-layer L12 task=syntaxgym/gss_subord
step 0 loss 6.4796
step 100 loss 0.9150
step 200 loss 0.0985
step 300 loss 0.0703
step 400 loss 0.0139
step 500 loss 0.0006
step 600 loss 0.1013
step 700 loss 0.1176
step 800 loss 0.0073
step 900 loss 0.3175
step 1000 loss 0.0791
step 1100 loss 0.0049
step 1200 loss 0.0038
step 1300 loss 0.0085
step 1400 loss 0.0022
step 1500 loss 0.0004
step 1600 loss 0.0576
step 1700 loss 0.0207
step 1800 loss 0.0015
step 1900 loss 0.0005
step 2000 loss 0.0005
step 2100 loss 0.0001
step 2200 loss 0.0002
step 2300 loss 0.0001
step 2400 loss 0.0002
step 2500 loss 0.0001
step 2600 loss 0.0000
step 2700 loss 0.0001
step 2800 loss 0.0001
step 2900 loss 0.0001
step 3000 loss 0.0000
step 3100 loss 0.0000
step 3200 loss 0.0000
step 3300 loss 0.0002
step 3400 loss 0.0000
step 3500 loss 0.0000
step 3600 loss 0.0000
step 3700 loss 0.0000
step 3800 loss 0.0000
step 3900 loss 0.0000
=== DAS-64 SUFFICIENCY ===
k=  1 learned acc=1.000 pd=+17.998 random acc=0.138
k=  2 learned acc=1.000 pd=+22.436 random acc=0.150
k=  4 learned acc=1.000 pd=+23.445 random acc=0.175
k=  8 learned acc=1.000 pd=+25.109 random acc=0.150
k= 12 learned acc=1.000 pd=+25.648 random acc=0.150
k= 16 learned acc=1.000 pd=+25.737 random acc=1.000
k= 24 learned acc=1.000 pd=+26.159 random acc=1.000
k= 32 learned acc=1.000 pd=+26.147 random acc=1.000
k= 48 learned acc=1.000 pd=+26.097 random acc=0.537
k= 64 learned acc=0.588 pd=+0.790 random acc=0.588
