[transformers] `torch_dtype` is deprecated! Use `dtype` instead!
Loading weights:   0%|          | 0/288 [00:00<?, ?it/s]Loading weights:   0%|          | 1/288 [00:01<08:36,  1.80s/it]Loading weights:  32%|███▏      | 93/288 [00:01<00:02, 66.67it/s]Loading weights:  47%|████▋     | 135/288 [00:02<00:02, 71.06it/s]Loading weights:  56%|█████▌    | 161/288 [00:02<00:01, 65.22it/s]Loading weights:  62%|██████▏   | 179/288 [00:03<00:01, 71.36it/s]Loading weights:  68%|██████▊   | 195/288 [00:03<00:01, 69.76it/s]Loading weights:  72%|███████▏  | 208/288 [00:03<00:01, 67.28it/s]Loading weights:  76%|███████▌  | 219/288 [00:03<00:01, 65.68it/s]Loading weights:  80%|████████  | 231/288 [00:03<00:00, 71.85it/s]Loading weights:  84%|████████▎ | 241/288 [00:04<00:00, 69.85it/s]Loading weights:  87%|████████▋ | 250/288 [00:04<00:00, 64.54it/s]Loading weights:  90%|████████▉ | 258/288 [00:04<00:00, 59.52it/s]Loading weights:  95%|█████████▌| 274/288 [00:04<00:00, 77.88it/s]Loading weights: 100%|██████████| 288/288 [00:04<00:00, 62.79it/s]
DAS-64 single-layer L12 task=syntaxgym/filler_gap_embed_3
step 0 loss 2.5248
step 100 loss 1.8421
step 200 loss 0.8798
step 300 loss 0.7290
step 400 loss 0.7071
step 500 loss 0.5022
step 600 loss 0.5590
step 700 loss 0.4346
step 800 loss 0.3854
step 900 loss 0.3668
step 1000 loss 0.4279
step 1100 loss 0.5613
step 1200 loss 0.3024
step 1300 loss 0.5273
step 1400 loss 0.6340
step 1500 loss 0.5524
step 1600 loss 0.4234
step 1700 loss 0.4575
step 1800 loss 0.4529
step 1900 loss 0.3581
step 2000 loss 0.2618
step 2100 loss 0.3804
step 2200 loss 0.3710
step 2300 loss 0.3801
step 2400 loss 0.3929
step 2500 loss 0.3637
step 2600 loss 0.3832
step 2700 loss 0.3130
step 2800 loss 0.2354
step 2900 loss 0.2680
step 3000 loss 0.6186
step 3100 loss 0.2991
step 3200 loss 0.3141
step 3300 loss 0.4532
step 3400 loss 0.2236
step 3500 loss 0.3055
step 3600 loss 0.3755
step 3700 loss 0.3071
step 3800 loss 0.3436
step 3900 loss 0.2552
=== DAS-64 SUFFICIENCY ===
k=  1 learned acc=0.850 pd=+3.316 random acc=0.362
k=  2 learned acc=0.938 pd=+5.156 random acc=0.350
k=  4 learned acc=1.000 pd=+5.871 random acc=0.338
k=  8 learned acc=1.000 pd=+6.986 random acc=0.362
k= 12 learned acc=1.000 pd=+7.517 random acc=0.362
k= 16 learned acc=1.000 pd=+7.590 random acc=0.362
k= 24 learned acc=1.000 pd=+7.780 random acc=0.362
k= 32 learned acc=1.000 pd=+7.867 random acc=0.562
k= 48 learned acc=1.000 pd=+8.048 random acc=0.700
k= 64 learned acc=0.688 pd=+3.392 random acc=0.688
