[transformers] `torch_dtype` is deprecated! Use `dtype` instead!
Loading weights:   0%|          | 0/288 [00:00<?, ?it/s]Loading weights:   0%|          | 1/288 [00:01<08:46,  1.84s/it]Loading weights:  32%|███▏      | 93/288 [00:01<00:02, 65.80it/s]Loading weights:  48%|████▊     | 137/288 [00:02<00:02, 68.01it/s]Loading weights:  57%|█████▋    | 165/288 [00:02<00:01, 68.20it/s]Loading weights:  64%|██████▍   | 185/288 [00:03<00:01, 66.10it/s]Loading weights:  69%|██████▉   | 200/288 [00:03<00:01, 68.98it/s]Loading weights:  74%|███████▍  | 213/288 [00:03<00:01, 71.74it/s]Loading weights:  78%|███████▊  | 225/288 [00:03<00:00, 68.03it/s]Loading weights:  82%|████████▏ | 235/288 [00:04<00:00, 68.10it/s]Loading weights:  85%|████████▍ | 244/288 [00:04<00:00, 70.74it/s]Loading weights:  88%|████████▊ | 253/288 [00:04<00:00, 69.75it/s]Loading weights:  91%|█████████▏| 263/288 [00:04<00:00, 73.14it/s]Loading weights:  94%|█████████▍| 272/288 [00:04<00:00, 68.38it/s]Loading weights: 100%|██████████| 288/288 [00:04<00:00, 62.41it/s]
DAS-64 single-layer L12 task=syntaxgym/filler_gap_hierarchy
step 0 loss 4.0663
step 100 loss 1.3021
step 200 loss 0.4948
step 300 loss 0.3360
step 400 loss 0.2595
step 500 loss 0.2256
step 600 loss 0.3131
step 700 loss 0.2509
step 800 loss 0.3363
step 900 loss 0.2860
step 1000 loss 0.2388
step 1100 loss 0.3399
step 1200 loss 0.2634
step 1300 loss 0.1657
step 1400 loss 0.2445
step 1500 loss 0.2312
step 1600 loss 0.2148
step 1700 loss 0.2418
step 1800 loss 0.3328
step 1900 loss 0.2169
step 2000 loss 0.3514
step 2100 loss 0.2922
step 2200 loss 0.2244
step 2300 loss 0.1685
step 2400 loss 0.2557
step 2500 loss 0.2899
step 2600 loss 0.4000
step 2700 loss 0.2373
step 2800 loss 0.2257
step 2900 loss 0.2314
step 3000 loss 0.2035
step 3100 loss 0.1846
step 3200 loss 0.2036
step 3300 loss 0.1301
step 3400 loss 0.1530
step 3500 loss 0.1125
step 3600 loss 0.1194
step 3700 loss 0.2012
step 3800 loss 0.1717
step 3900 loss 0.2345
=== DAS-64 SUFFICIENCY ===
k=  1 learned acc=0.775 pd=+1.378 random acc=0.250
k=  2 learned acc=0.988 pd=+3.995 random acc=0.250
k=  4 learned acc=1.000 pd=+4.606 random acc=0.237
k=  8 learned acc=1.000 pd=+5.375 random acc=0.250
k= 12 learned acc=1.000 pd=+5.821 random acc=0.562
k= 16 learned acc=1.000 pd=+6.062 random acc=0.988
k= 24 learned acc=1.000 pd=+6.406 random acc=0.988
k= 32 learned acc=1.000 pd=+6.654 random acc=1.000
k= 48 learned acc=1.000 pd=+6.948 random acc=1.000
k= 64 learned acc=1.000 pd=+6.836 random acc=1.000
