[transformers] `torch_dtype` is deprecated! Use `dtype` instead!
Loading weights:   0%|          | 0/288 [00:00<?, ?it/s]Loading weights:   0%|          | 1/288 [00:00<02:52,  1.66it/s]Loading weights:  25%|██▍       | 71/288 [00:00<00:01, 128.78it/s]Loading weights:  36%|███▌      | 104/288 [00:00<00:01, 130.43it/s]Loading weights:  44%|████▍     | 128/288 [00:01<00:01, 142.47it/s]Loading weights:  52%|█████▏    | 150/288 [00:01<00:00, 147.52it/s]Loading weights:  59%|█████▉    | 170/288 [00:01<00:00, 125.75it/s]Loading weights:  66%|██████▌   | 190/288 [00:01<00:00, 135.77it/s]Loading weights:  72%|███████▏  | 207/288 [00:01<00:00, 134.44it/s]Loading weights:  77%|███████▋  | 223/288 [00:01<00:00, 137.49it/s]Loading weights:  83%|████████▎ | 239/288 [00:01<00:00, 136.02it/s]Loading weights:  88%|████████▊ | 254/288 [00:02<00:00, 134.10it/s]Loading weights:  94%|█████████▍| 271/288 [00:02<00:00, 143.08it/s]Loading weights: 100%|██████████| 288/288 [00:02<00:00, 128.41it/s]
DAS-64 single-layer L12 task=syntaxgym/agr_refl_num_subj-relc
step 0 loss 3.3372
step 100 loss 4.2650
step 200 loss 4.5533
step 300 loss 3.6300
step 400 loss 3.2339
step 500 loss 3.8813
step 600 loss 3.2597
step 700 loss 3.1870
step 800 loss 3.4108
step 900 loss 3.2516
step 1000 loss 3.5201
step 1100 loss 3.0243
step 1200 loss 2.8616
step 1300 loss 2.9714
step 1400 loss 2.9257
step 1500 loss 2.6200
step 1600 loss 2.7140
step 1700 loss 2.7697
step 1800 loss 2.4986
step 1900 loss 2.7830
step 2000 loss 2.6267
step 2100 loss 2.5621
step 2200 loss 2.6899
step 2300 loss 2.6610
step 2400 loss 2.7123
step 2500 loss 2.5849
step 2600 loss 2.4828
step 2700 loss 2.7414
step 2800 loss 2.5563
step 2900 loss 2.7671
step 3000 loss 2.9653
step 3100 loss 2.6829
step 3200 loss 2.3689
step 3300 loss 2.8187
step 3400 loss 2.8219
step 3500 loss 2.9402
step 3600 loss 2.6545
step 3700 loss 2.6141
step 3800 loss 3.1485
step 3900 loss 2.5589
=== DAS-64 SUFFICIENCY ===
k=  1 learned acc=0.750 pd=+1.634 random acc=0.100
k=  2 learned acc=0.863 pd=+2.227 random acc=0.100
k=  4 learned acc=0.900 pd=+2.419 random acc=0.100
k=  8 learned acc=0.912 pd=+2.653 random acc=0.125
k= 12 learned acc=0.938 pd=+2.794 random acc=0.125
k= 16 learned acc=0.975 pd=+3.063 random acc=0.125
k= 24 learned acc=0.988 pd=+3.231 random acc=0.138
k= 32 learned acc=0.988 pd=+3.329 random acc=0.975
k= 48 learned acc=0.988 pd=+3.474 random acc=0.988
k= 64 learned acc=0.988 pd=+3.534 random acc=0.988
