[transformers] `torch_dtype` is deprecated! Use `dtype` instead!
Loading weights:   0%|          | 0/288 [00:00<?, ?it/s]Loading weights:   0%|          | 1/288 [00:00<03:58,  1.20it/s]Loading weights:  32%|███▏      | 91/288 [00:00<00:01, 131.44it/s]Loading weights:  49%|████▊     | 140/288 [00:01<00:01, 129.31it/s]Loading weights:  60%|██████    | 173/288 [00:01<00:00, 130.23it/s]Loading weights:  69%|██████▉   | 198/288 [00:01<00:00, 129.13it/s]Loading weights:  76%|███████▌  | 219/288 [00:01<00:00, 133.11it/s]Loading weights:  83%|████████▎ | 238/288 [00:02<00:00, 131.10it/s]Loading weights:  89%|████████▉ | 257/288 [00:02<00:00, 131.18it/s]Loading weights:  95%|█████████▌| 275/288 [00:02<00:00, 140.02it/s]Loading weights: 100%|██████████| 288/288 [00:02<00:00, 121.84it/s]
DAS-64 single-layer L12 task=syntaxgym/garden_mvrr
step 0 loss 2.1741
step 100 loss 1.5923
step 200 loss 0.5841
step 300 loss 0.5903
step 400 loss 0.5659
step 500 loss 0.3841
step 600 loss 0.3021
step 700 loss 0.2925
step 800 loss 0.3122
step 900 loss 0.1709
step 1000 loss 0.1330
step 1100 loss 0.1076
step 1200 loss 0.3643
step 1300 loss 0.3074
step 1400 loss 0.3461
step 1500 loss 0.2654
step 1600 loss 0.2293
step 1700 loss 0.1441
step 1800 loss 0.2066
step 1900 loss 0.2168
step 2000 loss 0.4362
step 2100 loss 0.4856
step 2200 loss 0.5755
step 2300 loss 0.1508
step 2400 loss 0.1441
step 2500 loss 0.2723
step 2600 loss 0.1791
step 2700 loss 0.3193
step 2800 loss 0.5161
step 2900 loss 0.3867
step 3000 loss 0.3988
step 3100 loss 0.2363
step 3200 loss 0.3103
step 3300 loss 0.2759
step 3400 loss 0.3007
step 3500 loss 0.1984
step 3600 loss 0.2814
step 3700 loss 0.3265
step 3800 loss 0.2963
step 3900 loss 0.1731
=== DAS-64 SUFFICIENCY ===
k=  1 learned acc=0.688 pd=+1.869 random acc=0.150
k=  2 learned acc=0.900 pd=+5.136 random acc=0.150
k=  4 learned acc=0.988 pd=+7.517 random acc=0.150
k=  8 learned acc=0.988 pd=+9.299 random acc=0.150
k= 12 learned acc=1.000 pd=+9.838 random acc=0.150
k= 16 learned acc=1.000 pd=+10.183 random acc=0.700
k= 24 learned acc=1.000 pd=+10.920 random acc=0.975
k= 32 learned acc=1.000 pd=+11.172 random acc=0.988
k= 48 learned acc=1.000 pd=+11.433 random acc=1.000
k= 64 learned acc=1.000 pd=+11.450 random acc=1.000
