[transformers] `torch_dtype` is deprecated! Use `dtype` instead!
Loading weights:   0%|          | 0/288 [00:00<?, ?it/s]Loading weights:   0%|          | 1/288 [00:01<07:54,  1.65s/it]Loading weights:  32%|███▏      | 91/288 [00:01<00:02, 68.06it/s]Loading weights:  42%|████▏     | 122/288 [00:02<00:02, 72.36it/s]Loading weights:  50%|████▉     | 143/288 [00:02<00:02, 70.54it/s]Loading weights:  55%|█████▍    | 158/288 [00:02<00:01, 69.12it/s]Loading weights:  59%|█████▉    | 170/288 [00:02<00:01, 67.74it/s]Loading weights:  62%|██████▎   | 180/288 [00:03<00:01, 67.43it/s]Loading weights:  66%|██████▌   | 189/288 [00:03<00:01, 69.97it/s]Loading weights:  69%|██████▉   | 198/288 [00:03<00:01, 65.62it/s]Loading weights:  73%|███████▎  | 210/288 [00:03<00:01, 70.80it/s]Loading weights:  77%|███████▋  | 221/288 [00:03<00:00, 71.17it/s]Loading weights:  80%|████████  | 231/288 [00:03<00:00, 74.89it/s]Loading weights:  83%|████████▎ | 240/288 [00:03<00:00, 76.68it/s]Loading weights:  86%|████████▋ | 249/288 [00:04<00:00, 67.31it/s]Loading weights:  90%|████████▉ | 258/288 [00:04<00:00, 71.48it/s]Loading weights:  93%|█████████▎| 268/288 [00:04<00:00, 73.43it/s]Loading weights:  97%|█████████▋| 279/288 [00:04<00:00, 68.99it/s]Loading weights: 100%|██████████| 288/288 [00:04<00:00, 64.21it/s]
DAS-64 single-layer L12 task=syntaxgym/cleft_mod
step 0 loss 13.1108
step 100 loss 3.6044
step 200 loss 2.1365
step 300 loss 1.4118
step 400 loss 1.6149
step 500 loss 1.1624
step 600 loss 1.0941
step 700 loss 1.0470
step 800 loss 0.9446
step 900 loss 1.0286
step 1000 loss 1.0384
step 1100 loss 1.1126
step 1200 loss 1.0363
step 1300 loss 0.9985
step 1400 loss 0.9850
step 1500 loss 1.0341
step 1600 loss 0.7741
step 1700 loss 0.7224
step 1800 loss 0.8841
step 1900 loss 0.8650
step 2000 loss 0.8250
step 2100 loss 1.0129
step 2200 loss 1.2283
step 2300 loss 0.7977
step 2400 loss 1.0159
step 2500 loss 1.0845
step 2600 loss 0.8054
step 2700 loss 1.1218
step 2800 loss 1.0048
step 2900 loss 0.7606
step 3000 loss 0.9813
step 3100 loss 0.9254
step 3200 loss 1.0061
step 3300 loss 0.6819
step 3400 loss 0.9898
step 3500 loss 0.7758
step 3600 loss 0.7272
step 3700 loss 1.0283
step 3800 loss 0.9283
step 3900 loss 1.0511
=== DAS-64 SUFFICIENCY ===
k=  1 learned acc=0.975 pd=+4.550 random acc=0.037
k=  2 learned acc=1.000 pd=+8.247 random acc=0.025
k=  4 learned acc=1.000 pd=+9.550 random acc=0.037
k=  8 learned acc=1.000 pd=+10.274 random acc=0.037
k= 12 learned acc=1.000 pd=+10.477 random acc=0.025
k= 16 learned acc=1.000 pd=+10.652 random acc=0.025
k= 24 learned acc=1.000 pd=+10.889 random acc=0.013
k= 32 learned acc=1.000 pd=+11.005 random acc=0.037
k= 48 learned acc=1.000 pd=+11.035 random acc=0.925
k= 64 learned acc=1.000 pd=+10.674 random acc=1.000
