[transformers] `torch_dtype` is deprecated! Use `dtype` instead!
Loading weights:   0%|          | 0/288 [00:00<?, ?it/s]Loading weights:   0%|          | 1/288 [00:01<08:39,  1.81s/it]Loading weights:  32%|███▏      | 93/288 [00:01<00:02, 67.57it/s]Loading weights:  50%|█████     | 145/288 [00:02<00:02, 69.67it/s]Loading weights:  61%|██████▏   | 177/288 [00:03<00:01, 68.74it/s]Loading weights:  69%|██████▉   | 199/288 [00:03<00:01, 67.18it/s]Loading weights:  75%|███████▌  | 216/288 [00:03<00:01, 69.61it/s]Loading weights:  80%|███████▉  | 230/288 [00:03<00:00, 72.59it/s]Loading weights:  84%|████████▍ | 242/288 [00:04<00:00, 70.37it/s]Loading weights:  88%|████████▊ | 253/288 [00:04<00:00, 65.23it/s]Loading weights:  93%|█████████▎| 268/288 [00:04<00:00, 63.51it/s]Loading weights: 100%|██████████| 288/288 [00:04<00:00, 62.76it/s]
DAS-64 single-layer L12 task=syntaxgym/gss_subord_pp
step 0 loss 3.7955
step 100 loss 0.3197
step 200 loss 0.1773
step 300 loss 0.0361
step 400 loss 0.0068
step 500 loss 0.0072
step 600 loss 0.0041
step 700 loss 0.0029
step 800 loss 0.0019
step 900 loss 0.0007
step 1000 loss 0.0005
step 1100 loss 0.0006
step 1200 loss 0.0007
step 1300 loss 0.0008
step 1400 loss 0.0011
step 1500 loss 0.0002
step 1600 loss 0.0001
step 1700 loss 0.0003
step 1800 loss 0.0004
step 1900 loss 0.0002
step 2000 loss 0.0241
step 2100 loss 0.1481
step 2200 loss 0.1174
step 2300 loss 0.0478
step 2400 loss 0.2046
step 2500 loss 0.0285
step 2600 loss 0.0057
step 2700 loss 0.0028
step 2800 loss 0.0008
step 2900 loss 0.0011
step 3000 loss 0.0008
step 3100 loss 0.0004
step 3200 loss 0.0004
step 3300 loss 0.0001
step 3400 loss 0.0003
step 3500 loss 0.0001
step 3600 loss 0.0001
step 3700 loss 0.0002
step 3800 loss 0.0001
step 3900 loss 0.0009
=== DAS-64 SUFFICIENCY ===
k=  1 learned acc=1.000 pd=+8.997 random acc=0.013
k=  2 learned acc=1.000 pd=+11.530 random acc=0.025
k=  4 learned acc=1.000 pd=+12.835 random acc=0.025
k=  8 learned acc=1.000 pd=+14.091 random acc=0.037
k= 12 learned acc=1.000 pd=+14.173 random acc=0.275
k= 16 learned acc=1.000 pd=+14.449 random acc=0.412
k= 24 learned acc=1.000 pd=+16.321 random acc=0.487
k= 32 learned acc=1.000 pd=+16.907 random acc=0.700
k= 48 learned acc=1.000 pd=+17.470 random acc=1.000
k= 64 learned acc=1.000 pd=+7.037 random acc=1.000
