[transformers] `torch_dtype` is deprecated! Use `dtype` instead!
Loading weights:   0%|          | 0/288 [00:00<?, ?it/s]Loading weights:   0%|          | 1/288 [00:00<02:58,  1.61it/s]Loading weights:  43%|████▎     | 125/288 [00:00<00:00, 232.94it/s]Loading weights:  69%|██████▉   | 198/288 [00:00<00:00, 255.57it/s]Loading weights:  87%|████████▋ | 251/288 [00:01<00:00, 270.63it/s]Loading weights: 100%|██████████| 288/288 [00:01<00:00, 227.03it/s]
DAS-64 single-layer L12 task=syntaxgym/npi_ever_subj-relc
step 0 loss 12.9703
step 100 loss 1.6558
step 200 loss 0.4672
step 300 loss 0.2418
step 400 loss 0.2234
step 500 loss 0.2329
step 600 loss 0.1666
step 700 loss 0.1194
step 800 loss 0.2105
step 900 loss 0.2542
step 1000 loss 0.1987
step 1100 loss 0.1302
step 1200 loss 0.0688
step 1300 loss 0.0572
step 1400 loss 0.0694
step 1500 loss 0.0610
step 1600 loss 0.1550
step 1700 loss 0.1914
step 1800 loss 0.1403
step 1900 loss 0.1013
step 2000 loss 0.0660
step 2100 loss 0.0826
step 2200 loss 0.0781
step 2300 loss 0.0420
step 2400 loss 0.1014
step 2500 loss 0.1629
step 2600 loss 0.1529
step 2700 loss 0.1775
step 2800 loss 0.1662
step 2900 loss 0.1305
step 3000 loss 0.1096
step 3100 loss 0.1737
step 3200 loss 0.0459
step 3300 loss 0.1164
step 3400 loss 0.0675
step 3500 loss 0.0200
step 3600 loss 0.0865
step 3700 loss 0.0339
step 3800 loss 0.1396
step 3900 loss 0.0751
=== DAS-64 SUFFICIENCY ===
k=  1 learned acc=0.600 pd=+1.066 random acc=0.000
k=  2 learned acc=0.963 pd=+2.936 random acc=0.000
k=  4 learned acc=1.000 pd=+3.886 random acc=0.000
k=  8 learned acc=1.000 pd=+4.540 random acc=0.013
k= 12 learned acc=1.000 pd=+4.615 random acc=0.013
k= 16 learned acc=1.000 pd=+5.612 random acc=0.013
k= 24 learned acc=1.000 pd=+6.708 random acc=0.025
k= 32 learned acc=1.000 pd=+6.918 random acc=0.050
k= 48 learned acc=1.000 pd=+8.116 random acc=0.062
k= 64 learned acc=1.000 pd=+6.019 random acc=1.000
