[transformers] `torch_dtype` is deprecated! Use `dtype` instead!
Loading weights:   0%|          | 0/288 [00:00<?, ?it/s]Loading weights:   0%|          | 1/288 [00:01<07:47,  1.63s/it]Loading weights:  35%|███▌      | 102/288 [00:01<00:02, 80.43it/s]Loading weights:  52%|█████▏    | 150/288 [00:02<00:01, 77.17it/s]Loading weights:  62%|██████▎   | 180/288 [00:02<00:01, 75.79it/s]Loading weights:  70%|██████▉   | 201/288 [00:03<00:01, 77.92it/s]Loading weights:  76%|███████▌  | 218/288 [00:03<00:00, 76.01it/s]Loading weights:  81%|████████  | 232/288 [00:03<00:00, 73.07it/s]Loading weights:  84%|████████▍ | 243/288 [00:03<00:00, 73.13it/s]Loading weights:  88%|████████▊ | 253/288 [00:03<00:00, 64.63it/s]Loading weights:  93%|█████████▎| 268/288 [00:04<00:00, 72.97it/s]Loading weights:  97%|█████████▋| 279/288 [00:04<00:00, 78.40it/s]Loading weights: 100%|██████████| 288/288 [00:04<00:00, 68.82it/s]
task=syntaxgym/filler_gap_subj num_spans=9 d_sae=16384 layer=12
step 0  loss 3.6138  k~143
step 100  loss 5.1163  k~10
step 200  loss 4.2933  k~1
step 300  loss 4.2092  k~13
step 400  loss 4.1124  k~127
step 500  loss 4.2483  k~228
step 600  loss 4.4717  k~13
step 700  loss 4.5658  k~1573
step 800  loss 3.7622  k~48
step 900  loss 4.1931  k~71
step 1000  loss 4.5241  k~2415
step 1100  loss 4.0973  k~1
step 1200  loss 4.6818  k~243
step 1300  loss 4.5061  k~6
step 1400  loss 3.8158  k~34
step 1500  loss 4.4617  k~8596
step 1600  loss 4.3487  k~9808
step 1700  loss 4.6790  k~16
step 1800  loss 4.1725  k~4
step 1900  loss 4.0794  k~294
step 2000  loss 4.1290  k~3981
step 2100  loss 4.4562  k~1015
step 2200  loss 4.4114  k~2596
step 2300  loss 4.0392  k~4
step 2400  loss 4.2035  k~15
step 2500  loss 4.6342  k~64
step 2600  loss 4.3691  k~2552
step 2700  loss 4.0697  k~2
step 2800  loss 4.1513  k~5258
step 2900  loss 3.8305  k~268
step 3000  loss 3.9889  k~408
step 3100  loss 4.4371  k~1
step 3200  loss 3.9868  k~13
step 3300  loss 3.9602  k~105
step 3400  loss 4.0741  k~210
step 3500  loss 3.9967  k~68
step 3600  loss 3.5889  k~10
step 3700  loss 4.1094  k~5
step 3800  loss 4.3631  k~1758
step 3900  loss 3.7982  k~16
evaluating sufficiency curve...
ERROR NODE: score=12.890 rank=1/16384 (max feat score 15.318)
=== SUFFICIENCY CURVE (prob-diff base-src; higher=more sufficient) ===
k=    1  learned acc=0.163 pd=-2.857   random acc=0.100 pd=-4.045
k=    2  learned acc=0.225 pd=-1.755   random acc=0.100 pd=-4.045
k=    4  learned acc=0.362 pd=-0.452   random acc=0.100 pd=-4.045
k=    8  learned acc=0.588 pd=+0.450   random acc=0.100 pd=-4.045
k=   12  learned acc=0.662 pd=+0.961   random acc=0.100 pd=-4.048
k=   16  learned acc=0.700 pd=+1.286   random acc=0.087 pd=-4.048
k=   24  learned acc=0.812 pd=+1.677   random acc=0.087 pd=-4.052
k=   32  learned acc=0.875 pd=+1.939   random acc=0.087 pd=-4.055
k=   48  learned acc=0.900 pd=+2.267   random acc=0.087 pd=-4.075
k=   64  learned acc=0.912 pd=+2.486   random acc=0.100 pd=-4.070
k=   96  learned acc=0.938 pd=+2.786   random acc=0.100 pd=-4.066
k=  128  learned acc=0.963 pd=+3.016   random acc=0.100 pd=-4.070
k=  192  learned acc=0.963 pd=+3.212   random acc=0.087 pd=-4.078
k=  256  learned acc=0.963 pd=+3.322   random acc=0.087 pd=-4.068
k=  384  learned acc=0.963 pd=+3.541   random acc=0.087 pd=-4.057
k=  512  learned acc=0.963 pd=+3.719   random acc=0.100 pd=-4.067
k=  768  learned acc=0.975 pd=+3.867   random acc=0.113 pd=-4.004
k= 1024  learned acc=0.975 pd=+4.003   random acc=0.113 pd=-3.980
k= 2048  learned acc=0.975 pd=+4.138   random acc=0.188 pd=-2.605
k= 4096  learned acc=0.975 pd=+4.272   random acc=0.325 pd=-0.669
