[transformers] `torch_dtype` is deprecated! Use `dtype` instead!
Loading weights:   0%|          | 0/288 [00:00<?, ?it/s]Loading weights:   0%|          | 1/288 [00:02<10:01,  2.10s/it]Loading weights:  32%|███▏      | 93/288 [00:02<00:03, 56.57it/s]Loading weights:  43%|████▎     | 125/288 [00:02<00:02, 57.93it/s]Loading weights:  50%|█████     | 145/288 [00:03<00:02, 62.37it/s]Loading weights:  56%|█████▌    | 161/288 [00:03<00:02, 60.28it/s]Loading weights:  60%|██████    | 173/288 [00:03<00:01, 58.25it/s]Loading weights:  64%|██████▎   | 183/288 [00:03<00:01, 56.96it/s]Loading weights:  67%|██████▋   | 192/288 [00:03<00:01, 52.84it/s]Loading weights:  70%|███████   | 202/288 [00:04<00:01, 51.15it/s]Loading weights:  73%|███████▎  | 209/288 [00:04<00:01, 53.59it/s]Loading weights:  75%|███████▌  | 216/288 [00:04<00:01, 55.29it/s]Loading weights:  77%|███████▋  | 223/288 [00:04<00:01, 55.36it/s]Loading weights:  80%|███████▉  | 230/288 [00:04<00:01, 55.07it/s]Loading weights:  82%|████████▏ | 236/288 [00:04<00:01, 48.83it/s]Loading weights:  85%|████████▍ | 244/288 [00:04<00:00, 52.79it/s]Loading weights:  88%|████████▊ | 253/288 [00:05<00:00, 51.46it/s]Loading weights:  90%|████████▉ | 259/288 [00:05<00:00, 50.85it/s]Loading weights:  93%|█████████▎| 269/288 [00:05<00:00, 55.50it/s]Loading weights: 100%|██████████| 288/288 [00:05<00:00, 52.21it/s]
task=syntaxgym/agr_refl_num_obj-relc num_spans=7 d_sae=16384 layer=12
step 0  loss 2.7265  k~10780
step 100  loss 4.1677  k~7453
step 200  loss 4.1845  k~1671
step 300  loss 4.2672  k~7279
step 400  loss 4.2272  k~6762
step 500  loss 4.0143  k~6486
step 600  loss 3.9740  k~5640
step 700  loss 4.1998  k~2726
step 800  loss 3.8664  k~417
step 900  loss 4.5103  k~5087
step 1000  loss 4.1307  k~12833
step 1100  loss 4.2488  k~4650
step 1200  loss 3.7680  k~878
step 1300  loss 4.3349  k~12100
step 1400  loss 3.7148  k~1452
step 1500  loss 3.9115  k~255
step 1600  loss 4.3800  k~11869
step 1700  loss 4.4436  k~578
step 1800  loss 3.9363  k~1176
step 1900  loss 4.0391  k~8720
step 2000  loss 3.8571  k~7265
step 2100  loss 4.5252  k~15752
step 2200  loss 4.0380  k~12401
step 2300  loss 4.3846  k~9085
step 2400  loss 4.2802  k~462
step 2500  loss 4.0018  k~4281
step 2600  loss 4.2702  k~11580
step 2700  loss 4.1936  k~7782
step 2800  loss 4.3169  k~1527
step 2900  loss 3.9436  k~3800
step 3000  loss 3.9899  k~14292
step 3100  loss 4.0651  k~2815
step 3200  loss 4.1034  k~11045
step 3300  loss 4.0454  k~4566
step 3400  loss 3.8613  k~2088
step 3500  loss 3.7145  k~16327
step 3600  loss 4.1041  k~1355
step 3700  loss 4.0597  k~3352
step 3800  loss 3.9988  k~8701
step 3900  loss 4.2226  k~13264
evaluating sufficiency curve...
ERROR NODE: score=-0.514 rank=2547/16384 (max feat score 8.122)
=== SUFFICIENCY CURVE (prob-diff base-src; higher=more sufficient) ===
k=    1  learned acc=0.037 pd=-3.220   random acc=0.037 pd=-3.472
k=    2  learned acc=0.037 pd=-3.157   random acc=0.037 pd=-3.479
k=    4  learned acc=0.125 pd=-1.920   random acc=0.037 pd=-3.477
k=    8  learned acc=0.537 pd=+0.002   random acc=0.037 pd=-3.477
k=   12  learned acc=0.713 pd=+1.028   random acc=0.037 pd=-3.477
k=   16  learned acc=0.800 pd=+1.553   random acc=0.037 pd=-3.480
k=   24  learned acc=0.825 pd=+1.806   random acc=0.037 pd=-3.485
k=   32  learned acc=0.825 pd=+1.908   random acc=0.037 pd=-3.484
k=   48  learned acc=0.825 pd=+2.147   random acc=0.037 pd=-3.464
k=   64  learned acc=0.875 pd=+2.333   random acc=0.037 pd=-3.463
k=   96  learned acc=0.900 pd=+2.472   random acc=0.037 pd=-3.463
k=  128  learned acc=0.912 pd=+2.588   random acc=0.037 pd=-3.459
k=  192  learned acc=0.925 pd=+2.706   random acc=0.037 pd=-3.455
k=  256  learned acc=0.938 pd=+2.788   random acc=0.037 pd=-3.448
k=  384  learned acc=0.963 pd=+2.981   random acc=0.037 pd=-3.452
k=  512  learned acc=0.975 pd=+3.055   random acc=0.037 pd=-3.434
k=  768  learned acc=0.975 pd=+3.161   random acc=0.037 pd=-3.455
k= 1024  learned acc=0.988 pd=+3.211   random acc=0.037 pd=-3.438
k= 2048  learned acc=0.988 pd=+3.295   random acc=0.037 pd=-3.430
k= 4096  learned acc=1.000 pd=+3.902   random acc=0.025 pd=-3.130
