[transformers] `torch_dtype` is deprecated! Use `dtype` instead!
Loading weights:   0%|          | 0/288 [00:00<?, ?it/s]Loading weights:   0%|          | 1/288 [00:00<02:45,  1.73it/s]Loading weights:  51%|█████     | 147/288 [00:00<00:00, 290.95it/s]Loading weights:  81%|████████  | 233/288 [00:00<00:00, 296.78it/s]Loading weights: 100%|██████████| 288/288 [00:01<00:00, 254.59it/s]
task=syntaxgym/agr_gender num_spans=4 d_sae=16384 layer=12
step 0  loss 0.5249  k~12823
step 100  loss 0.7254  k~12369
step 200  loss 0.7471  k~794
step 300  loss 0.7385  k~738
step 400  loss 0.7212  k~5001
step 500  loss 0.6996  k~5212
step 600  loss 0.7202  k~2097
step 700  loss 0.7123  k~9560
step 800  loss 0.7298  k~2992
step 900  loss 0.7007  k~8882
step 1000  loss 0.7195  k~3725
step 1100  loss 0.7350  k~10716
step 1200  loss 0.7310  k~12363
step 1300  loss 0.7210  k~13902
step 1400  loss 0.7099  k~11246
step 1500  loss 0.7373  k~3777
step 1600  loss 0.6995  k~1308
step 1700  loss 0.7320  k~10885
step 1800  loss 0.7170  k~4485
step 1900  loss 0.7204  k~13712
step 2000  loss 0.7184  k~2086
step 2100  loss 0.7199  k~13085
step 2200  loss 0.7246  k~9536
step 2300  loss 0.7364  k~12042
step 2400  loss 0.7348  k~1891
step 2500  loss 0.7360  k~15165
step 2600  loss 0.7005  k~9995
step 2700  loss 0.7248  k~3835
step 2800  loss 0.7100  k~2504
step 2900  loss 0.7469  k~13598
step 3000  loss 0.7121  k~8111
step 3100  loss 0.7069  k~79
step 3200  loss 0.7210  k~13033
step 3300  loss 0.7212  k~196
step 3400  loss 0.7501  k~9579
step 3500  loss 0.7196  k~392
step 3600  loss 0.7497  k~15252
step 3700  loss 0.7304  k~11246
step 3800  loss 0.7090  k~3652
step 3900  loss 0.7048  k~11331
evaluating sufficiency curve...
ERROR NODE: score=4.367 rank=9/16384 (max feat score 6.622)
=== SUFFICIENCY CURVE (prob-diff base-src; higher=more sufficient) ===
k=    1  learned acc=0.000 pd=-3.523   random acc=0.000 pd=-3.580
k=    2  learned acc=0.850 pd=+0.859   random acc=0.000 pd=-3.580
k=    4  learned acc=0.950 pd=+1.725   random acc=0.000 pd=-3.580
k=    8  learned acc=0.950 pd=+2.092   random acc=0.000 pd=-3.584
k=   12  learned acc=0.975 pd=+3.097   random acc=0.000 pd=-3.584
k=   16  learned acc=0.975 pd=+3.133   random acc=0.000 pd=-3.584
k=   24  learned acc=0.975 pd=+3.142   random acc=0.000 pd=-3.587
k=   32  learned acc=0.988 pd=+3.167   random acc=0.000 pd=-3.587
k=   48  learned acc=0.988 pd=+3.200   random acc=0.000 pd=-3.587
k=   64  learned acc=0.988 pd=+3.225   random acc=0.000 pd=-3.587
k=   96  learned acc=1.000 pd=+3.263   random acc=0.000 pd=-3.587
k=  128  learned acc=1.000 pd=+3.289   random acc=0.000 pd=-3.594
k=  192  learned acc=1.000 pd=+3.353   random acc=0.000 pd=-3.587
k=  256  learned acc=1.000 pd=+3.412   random acc=0.000 pd=-3.587
k=  384  learned acc=1.000 pd=+3.494   random acc=0.000 pd=-3.587
k=  512  learned acc=1.000 pd=+3.527   random acc=0.000 pd=-3.591
k=  768  learned acc=1.000 pd=+3.559   random acc=0.000 pd=-3.058
k= 1024  learned acc=1.000 pd=+3.619   random acc=0.000 pd=-3.050
k= 2048  learned acc=1.000 pd=+3.700   random acc=0.950 pd=+1.653
k= 4096  learned acc=1.000 pd=+3.700   random acc=0.950 pd=+1.988
