[transformers] `torch_dtype` is deprecated! Use `dtype` instead!
Loading weights:   0%|          | 0/288 [00:00<?, ?it/s]Loading weights:   0%|          | 1/288 [00:01<05:52,  1.23s/it]Loading weights:  31%|███       | 89/288 [00:01<00:02, 91.92it/s]Loading weights:  48%|████▊     | 139/288 [00:01<00:01, 90.56it/s]Loading weights:  59%|█████▉    | 171/288 [00:02<00:01, 95.38it/s]Loading weights:  68%|██████▊   | 195/288 [00:02<00:00, 95.45it/s]Loading weights:  74%|███████▍  | 214/288 [00:02<00:00, 94.49it/s]Loading weights:  80%|███████▉  | 230/288 [00:02<00:00, 94.21it/s]Loading weights:  85%|████████▍ | 244/288 [00:02<00:00, 93.53it/s]Loading weights:  89%|████████▉ | 256/288 [00:03<00:00, 91.25it/s]Loading weights:  93%|█████████▎| 267/288 [00:03<00:00, 93.86it/s]Loading weights:  97%|█████████▋| 279/288 [00:03<00:00, 92.60it/s]Loading weights: 100%|██████████| 288/288 [00:03<00:00, 85.69it/s]
DAS-64 single-layer L12 task=syntaxgym/npi_ever_subj-relc
step 0 loss 12.9906
step 100 loss 2.0588
step 200 loss 0.4039
step 300 loss 0.1941
step 400 loss 0.2613
step 500 loss 0.1956
step 600 loss 0.0976
step 700 loss 0.4160
step 800 loss 0.1209
step 900 loss 0.0479
step 1000 loss 0.0934
step 1100 loss 0.0702
step 1200 loss 0.1341
step 1300 loss 0.0496
step 1400 loss 0.1224
step 1500 loss 0.0407
step 1600 loss 0.0834
step 1700 loss 0.2008
step 1800 loss 0.1374
step 1900 loss 0.1930
step 2000 loss 0.0969
step 2100 loss 0.0792
step 2200 loss 0.0258
step 2300 loss 0.1165
step 2400 loss 0.0940
step 2500 loss 0.0858
step 2600 loss 0.2647
step 2700 loss 0.1275
step 2800 loss 0.1601
step 2900 loss 0.0432
step 3000 loss 0.1574
step 3100 loss 0.1136
step 3200 loss 0.0924
step 3300 loss 0.1010
step 3400 loss 0.1035
step 3500 loss 0.0857
step 3600 loss 0.0902
step 3700 loss 0.1232
step 3800 loss 0.1042
step 3900 loss 0.0803
=== DAS-64 SUFFICIENCY ===
k=  1 learned acc=0.900 pd=+3.202 random acc=0.000
k=  2 learned acc=1.000 pd=+6.004 random acc=0.000
k=  4 learned acc=1.000 pd=+10.941 random acc=0.000
k=  8 learned acc=1.000 pd=+14.146 random acc=0.000
k= 12 learned acc=1.000 pd=+15.881 random acc=0.000
k= 16 learned acc=1.000 pd=+16.014 random acc=0.000
k= 24 learned acc=1.000 pd=+16.782 random acc=0.000
k= 32 learned acc=1.000 pd=+17.003 random acc=0.000
k= 48 learned acc=1.000 pd=+17.594 random acc=0.013
k= 64 learned acc=1.000 pd=+16.341 random acc=1.000
