[transformers] `torch_dtype` is deprecated! Use `dtype` instead!
Loading weights:   0%|          | 0/288 [00:00<?, ?it/s]Loading weights:   0%|          | 1/288 [00:01<09:26,  1.98s/it]Loading weights:  28%|██▊       | 81/288 [00:02<00:03, 54.25it/s]Loading weights:  44%|████▍     | 126/288 [00:02<00:02, 55.22it/s]Loading weights:  53%|█████▎    | 154/288 [00:03<00:02, 56.50it/s]Loading weights:  60%|██████    | 173/288 [00:03<00:02, 56.66it/s]Loading weights:  65%|██████▌   | 188/288 [00:04<00:01, 53.77it/s]Loading weights:  69%|██████▉   | 199/288 [00:04<00:01, 56.57it/s]Loading weights:  73%|███████▎  | 209/288 [00:04<00:01, 55.37it/s]Loading weights:  76%|███████▌  | 218/288 [00:04<00:01, 55.28it/s]Loading weights:  78%|███████▊  | 226/288 [00:04<00:01, 52.90it/s]Loading weights:  81%|████████  | 233/288 [00:04<00:01, 48.87it/s]Loading weights:  84%|████████▍ | 242/288 [00:05<00:00, 46.25it/s]Loading weights:  86%|████████▌ | 248/288 [00:05<00:00, 44.88it/s]Loading weights:  91%|█████████▏| 263/288 [00:05<00:00, 58.41it/s]Loading weights:  94%|█████████▍| 270/288 [00:05<00:00, 58.02it/s]Loading weights:  97%|█████████▋| 279/288 [00:05<00:00, 62.30it/s]Loading weights: 100%|██████████| 288/288 [00:05<00:00, 50.93it/s]
task=syntaxgym/garden_npz_v-trans_mod num_spans=8 d_sae=16384 layer=12
step 0  loss 4.1978  k~10041
step 100  loss 3.9773  k~7600
step 200  loss 3.5313  k~15621
step 300  loss 3.8895  k~15725
step 400  loss 3.7221  k~10165
step 500  loss 3.6734  k~13912
step 600  loss 3.6578  k~14192
step 700  loss 3.5311  k~11335
step 800  loss 3.5854  k~4664
step 900  loss 3.5725  k~5981
step 1000  loss 3.6530  k~13726
step 1100  loss 3.7892  k~8221
step 1200  loss 3.6072  k~10298
step 1300  loss 3.6745  k~8048
step 1400  loss 3.4035  k~6560
step 1500  loss 3.7534  k~15820
step 1600  loss 3.5685  k~11663
step 1700  loss 3.7521  k~2321
step 1800  loss 3.4985  k~9073
step 1900  loss 3.4559  k~3835
step 2000  loss 3.7145  k~3307
step 2100  loss 3.7522  k~1330
step 2200  loss 3.5445  k~2547
step 2300  loss 3.4935  k~5398
step 2400  loss 3.4168  k~15135
step 2500  loss 3.4039  k~13531
step 2600  loss 3.7325  k~11296
step 2700  loss 3.2985  k~13383
step 2800  loss 3.5870  k~2296
step 2900  loss 3.6094  k~11326
step 3000  loss 3.5197  k~4268
step 3100  loss 3.7503  k~12226
step 3200  loss 3.5132  k~15063
step 3300  loss 3.7537  k~14413
step 3400  loss 3.5637  k~16353
step 3500  loss 3.4972  k~5269
step 3600  loss 3.5404  k~9644
step 3700  loss 3.5984  k~10034
step 3800  loss 3.5167  k~756
step 3900  loss 3.5837  k~4568
evaluating sufficiency curve...
ERROR NODE: score=7.283 rank=3/16384 (max feat score 7.505)
=== SUFFICIENCY CURVE (prob-diff base-src; higher=more sufficient) ===
k=    1  learned acc=0.225 pd=-1.663   random acc=0.225 pd=-1.806
k=    2  learned acc=0.237 pd=-1.509   random acc=0.225 pd=-1.806
k=    4  learned acc=0.325 pd=-0.843   random acc=0.225 pd=-1.816
k=    8  learned acc=0.362 pd=-0.627   random acc=0.225 pd=-1.814
k=   12  learned acc=0.362 pd=-0.539   random acc=0.225 pd=-1.814
k=   16  learned acc=0.400 pd=-0.472   random acc=0.225 pd=-1.816
k=   24  learned acc=0.438 pd=-0.228   random acc=0.225 pd=-1.811
k=   32  learned acc=0.512 pd=+0.065   random acc=0.225 pd=-1.811
k=   48  learned acc=0.550 pd=+0.236   random acc=0.225 pd=-1.803
k=   64  learned acc=0.575 pd=+0.393   random acc=0.225 pd=-1.808
k=   96  learned acc=0.625 pd=+0.684   random acc=0.225 pd=-1.808
k=  128  learned acc=0.675 pd=+0.888   random acc=0.225 pd=-1.800
k=  192  learned acc=0.713 pd=+1.046   random acc=0.225 pd=-1.800
k=  256  learned acc=0.725 pd=+1.280   random acc=0.225 pd=-1.761
k=  384  learned acc=0.762 pd=+1.484   random acc=0.225 pd=-1.755
k=  512  learned acc=0.762 pd=+1.689   random acc=0.225 pd=-1.752
k=  768  learned acc=0.812 pd=+1.881   random acc=0.225 pd=-1.753
k= 1024  learned acc=0.812 pd=+1.987   random acc=0.225 pd=-1.733
k= 2048  learned acc=0.838 pd=+2.086   random acc=0.225 pd=-1.594
k= 4096  learned acc=0.850 pd=+2.094   random acc=0.325 pd=-0.750
