[transformers] `torch_dtype` is deprecated! Use `dtype` instead!
Loading weights:   0%|          | 0/288 [00:00<?, ?it/s]Loading weights:   0%|          | 1/288 [00:00<04:28,  1.07it/s]Loading weights:  31%|███       | 89/288 [00:01<00:01, 115.21it/s]Loading weights:  47%|████▋     | 135/288 [00:01<00:01, 126.03it/s]Loading weights:  58%|█████▊    | 167/288 [00:01<00:00, 134.16it/s]Loading weights:  67%|██████▋   | 193/288 [00:01<00:00, 122.97it/s]Loading weights:  74%|███████▍  | 213/288 [00:01<00:00, 132.50it/s]Loading weights:  81%|████████  | 233/288 [00:02<00:00, 136.34it/s]Loading weights:  87%|████████▋ | 251/288 [00:02<00:00, 137.53it/s]Loading weights:  93%|█████████▎| 268/288 [00:02<00:00, 137.57it/s]Loading weights: 100%|██████████| 288/288 [00:02<00:00, 118.66it/s]
task=syntaxgym/gss_subord_obj-relc num_spans=15 d_sae=16384 layer=12
step 0  loss 1.3972  k~11177
step 100  loss 1.0465  k~311
step 200  loss 0.9951  k~11052
step 300  loss 0.9725  k~6750
step 400  loss 1.0441  k~9320
step 500  loss 0.9509  k~13721
step 600  loss 0.9781  k~1046
step 700  loss 0.9898  k~7759
step 800  loss 0.9494  k~7037
step 900  loss 0.9575  k~1520
step 1000  loss 1.0101  k~7306
step 1100  loss 1.0157  k~12632
step 1200  loss 0.9528  k~7415
step 1300  loss 1.0076  k~2754
step 1400  loss 1.0585  k~10419
step 1500  loss 1.1026  k~13794
step 1600  loss 1.1086  k~8829
step 1700  loss 1.1104  k~1040
step 1800  loss 1.0456  k~7375
step 1900  loss 1.0244  k~4548
step 2000  loss 0.9670  k~8199
step 2100  loss 0.9799  k~5053
step 2200  loss 0.9468  k~13997
step 2300  loss 0.9858  k~11771
step 2400  loss 0.9781  k~3286
step 2500  loss 0.9758  k~16052
step 2600  loss 0.9800  k~7528
step 2700  loss 1.0041  k~13733
step 2800  loss 1.0074  k~155
step 2900  loss 1.0509  k~9277
step 3000  loss 0.9684  k~6968
step 3100  loss 0.9538  k~4034
step 3200  loss 1.0605  k~4651
step 3300  loss 1.0307  k~8344
step 3400  loss 0.9571  k~10412
step 3500  loss 0.9975  k~10048
step 3600  loss 0.9999  k~7640
step 3700  loss 1.0679  k~14855
step 3800  loss 1.0233  k~10197
step 3900  loss 1.0212  k~2769
evaluating sufficiency curve...
ERROR NODE: score=6.984 rank=3/16384 (max feat score 7.516)
=== SUFFICIENCY CURVE (prob-diff base-src; higher=more sufficient) ===
k=    1  learned acc=0.062 pd=-1.086   random acc=0.013 pd=-1.605
k=    2  learned acc=0.212 pd=-0.539   random acc=0.013 pd=-1.605
k=    4  learned acc=0.537 pd=+0.094   random acc=0.013 pd=-1.605
k=    8  learned acc=0.875 pd=+0.639   random acc=0.013 pd=-1.603
k=   12  learned acc=0.887 pd=+0.775   random acc=0.013 pd=-1.595
k=   16  learned acc=0.887 pd=+0.855   random acc=0.013 pd=-1.595
k=   24  learned acc=0.900 pd=+0.980   random acc=0.013 pd=-1.597
k=   32  learned acc=0.938 pd=+1.119   random acc=0.013 pd=-1.600
k=   48  learned acc=0.963 pd=+1.391   random acc=0.013 pd=-1.597
k=   64  learned acc=0.950 pd=+1.502   random acc=0.013 pd=-1.594
k=   96  learned acc=0.963 pd=+1.652   random acc=0.025 pd=-1.591
k=  128  learned acc=0.963 pd=+1.736   random acc=0.013 pd=-1.589
k=  192  learned acc=0.963 pd=+1.797   random acc=0.013 pd=-1.587
k=  256  learned acc=0.975 pd=+1.841   random acc=0.013 pd=-1.589
k=  384  learned acc=0.975 pd=+1.936   random acc=0.013 pd=-1.570
k=  512  learned acc=0.975 pd=+1.973   random acc=0.013 pd=-1.566
k=  768  learned acc=0.988 pd=+2.028   random acc=0.025 pd=-1.330
k= 1024  learned acc=0.975 pd=+2.047   random acc=0.037 pd=-1.322
k= 2048  learned acc=0.975 pd=+2.087   random acc=0.025 pd=-1.253
k= 4096  learned acc=0.975 pd=+2.128   random acc=0.188 pd=-0.556
