[transformers] `torch_dtype` is deprecated! Use `dtype` instead!
Loading weights:   0%|          | 0/288 [00:00<?, ?it/s]Loading weights:   0%|          | 1/288 [00:02<09:34,  2.00s/it]Loading weights:  28%|██▊       | 81/288 [00:02<00:03, 53.21it/s]Loading weights:  42%|████▏     | 122/288 [00:02<00:02, 55.65it/s]Loading weights:  51%|█████     | 147/288 [00:03<00:02, 54.73it/s]Loading weights:  57%|█████▋    | 165/288 [00:03<00:02, 55.87it/s]Loading weights:  62%|██████▏   | 179/288 [00:03<00:01, 56.76it/s]Loading weights:  66%|██████▌   | 190/288 [00:04<00:01, 54.25it/s]Loading weights:  69%|██████▉   | 199/288 [00:04<00:01, 55.75it/s]Loading weights:  72%|███████▏  | 207/288 [00:04<00:01, 55.29it/s]Loading weights:  75%|███████▍  | 215/288 [00:04<00:01, 50.49it/s]Loading weights:  78%|███████▊  | 224/288 [00:04<00:01, 51.89it/s]Loading weights:  80%|███████▉  | 230/288 [00:04<00:01, 50.95it/s]Loading weights:  82%|████████▏ | 236/288 [00:05<00:01, 47.19it/s]Loading weights:  85%|████████▌ | 246/288 [00:05<00:01, 41.76it/s]Loading weights:  92%|█████████▏| 264/288 [00:05<00:00, 59.96it/s]Loading weights:  94%|█████████▍| 271/288 [00:05<00:00, 60.97it/s]Loading weights:  97%|█████████▋| 279/288 [00:05<00:00, 60.31it/s]Loading weights: 100%|██████████| 288/288 [00:05<00:00, 50.54it/s]
task=syntaxgym/gss_subord num_spans=5 d_sae=16384 layer=12
step 0  loss 6.4011  k~3085
step 100  loss 3.6536  k~15951
step 200  loss 3.5604  k~13883
step 300  loss 3.6180  k~4352
step 400  loss 3.4528  k~2682
step 500  loss 3.6820  k~12360
step 600  loss 3.4790  k~11602
step 700  loss 3.6473  k~7697
step 800  loss 3.6444  k~5727
step 900  loss 3.6528  k~243
step 1000  loss 3.7656  k~7048
step 1100  loss 3.5623  k~1657
step 1200  loss 3.5562  k~15167
step 1300  loss 3.4941  k~3168
step 1400  loss 3.6146  k~1052
step 1500  loss 3.5279  k~13409
step 1600  loss 3.3653  k~8857
step 1700  loss 3.4551  k~15617
step 1800  loss 3.4999  k~289
step 1900  loss 3.6765  k~15879
step 2000  loss 3.6591  k~9246
step 2100  loss 3.5839  k~11923
step 2200  loss 3.7563  k~7843
step 2300  loss 3.5156  k~370
step 2400  loss 3.1924  k~9881
step 2500  loss 3.4601  k~11418
step 2600  loss 3.4828  k~11965
step 2700  loss 3.7678  k~1784
step 2800  loss 3.6185  k~14400
step 2900  loss 3.5512  k~13605
step 3000  loss 3.4160  k~13978
step 3100  loss 3.6315  k~3138
step 3200  loss 3.5874  k~14660
step 3300  loss 3.6122  k~8396
step 3400  loss 3.2472  k~5536
step 3500  loss 3.3479  k~13991
step 3600  loss 3.4333  k~8964
step 3700  loss 3.3596  k~15689
step 3800  loss 3.2524  k~7351
step 3900  loss 3.4349  k~4739
evaluating sufficiency curve...
ERROR NODE: score=0.902 rank=1718/16384 (max feat score 8.123)
=== SUFFICIENCY CURVE (prob-diff base-src; higher=more sufficient) ===
k=    1  learned acc=0.175 pd=-1.405   random acc=0.175 pd=-1.400
k=    2  learned acc=0.237 pd=-1.250   random acc=0.175 pd=-1.400
k=    4  learned acc=0.325 pd=-0.933   random acc=0.175 pd=-1.400
k=    8  learned acc=0.438 pd=-0.316   random acc=0.175 pd=-1.400
k=   12  learned acc=0.463 pd=-0.011   random acc=0.188 pd=-1.397
k=   16  learned acc=0.463 pd=+0.012   random acc=0.188 pd=-1.397
k=   24  learned acc=0.575 pd=+0.644   random acc=0.188 pd=-1.402
k=   32  learned acc=0.600 pd=+0.834   random acc=0.188 pd=-1.398
k=   48  learned acc=0.688 pd=+1.158   random acc=0.175 pd=-1.400
k=   64  learned acc=0.725 pd=+1.277   random acc=0.175 pd=-1.400
k=   96  learned acc=0.750 pd=+1.463   random acc=0.175 pd=-1.400
k=  128  learned acc=0.750 pd=+1.566   random acc=0.188 pd=-1.388
k=  192  learned acc=0.762 pd=+1.653   random acc=0.188 pd=-1.389
k=  256  learned acc=0.762 pd=+1.711   random acc=0.188 pd=-1.383
k=  384  learned acc=0.787 pd=+1.778   random acc=0.175 pd=-1.417
k=  512  learned acc=0.787 pd=+1.811   random acc=0.188 pd=-1.356
k=  768  learned acc=0.787 pd=+1.833   random acc=0.212 pd=-1.338
k= 1024  learned acc=0.812 pd=+1.864   random acc=0.225 pd=-1.355
k= 2048  learned acc=0.950 pd=+2.502   random acc=0.250 pd=-1.252
k= 4096  learned acc=0.975 pd=+2.527   random acc=0.300 pd=-0.936
