[transformers] `torch_dtype` is deprecated! Use `dtype` instead!
Loading weights:   0%|          | 0/288 [00:00<?, ?it/s]Loading weights:   0%|          | 1/288 [00:01<09:33,  2.00s/it]Loading weights:  32%|███▏      | 93/288 [00:02<00:03, 57.44it/s]Loading weights:  41%|████▏     | 119/288 [00:02<00:02, 59.60it/s]Loading weights:  47%|████▋     | 136/288 [00:02<00:02, 58.87it/s]Loading weights:  52%|█████▏    | 149/288 [00:03<00:02, 62.74it/s]Loading weights:  56%|█████▌    | 161/288 [00:03<00:02, 60.86it/s]Loading weights:  59%|█████▉    | 171/288 [00:03<00:02, 51.68it/s]Loading weights:  62%|██████▎   | 180/288 [00:03<00:02, 52.19it/s]Loading weights:  67%|██████▋   | 192/288 [00:03<00:01, 56.03it/s]Loading weights:  69%|██████▉   | 200/288 [00:04<00:01, 57.09it/s]Loading weights:  73%|███████▎  | 209/288 [00:04<00:01, 54.32it/s]Loading weights:  75%|███████▌  | 216/288 [00:04<00:01, 47.23it/s]Loading weights:  78%|███████▊  | 225/288 [00:04<00:01, 46.32it/s]Loading weights:  82%|████████▏ | 235/288 [00:04<00:00, 54.48it/s]Loading weights:  85%|████████▌ | 245/288 [00:04<00:00, 62.48it/s]Loading weights:  88%|████████▊ | 253/288 [00:05<00:00, 61.52it/s]Loading weights:  90%|█████████ | 260/288 [00:05<00:00, 57.57it/s]Loading weights:  95%|█████████▌| 275/288 [00:05<00:00, 64.68it/s]Loading weights: 100%|██████████| 288/288 [00:05<00:00, 52.68it/s]
task=syntaxgym/npi_ever_subj-relc num_spans=8 d_sae=16384 layer=12
step 0  loss 8.7857  k~9340
step 100  loss 3.4091  k~15750
step 200  loss 2.8642  k~4005
step 300  loss 3.0162  k~6732
step 400  loss 2.7899  k~9672
step 500  loss 3.0122  k~851
step 600  loss 3.1261  k~4055
step 700  loss 3.0587  k~1662
step 800  loss 2.9339  k~850
step 900  loss 2.9445  k~6311
step 1000  loss 3.1958  k~4250
step 1100  loss 2.9910  k~5672
step 1200  loss 2.9847  k~12807
step 1300  loss 2.9942  k~11873
step 1400  loss 2.9663  k~6417
step 1500  loss 3.0052  k~10362
step 1600  loss 2.9178  k~5956
step 1700  loss 3.1921  k~859
step 1800  loss 2.6986  k~13291
step 1900  loss 2.8902  k~3020
step 2000  loss 2.9817  k~3241
step 2100  loss 2.9509  k~1158
step 2200  loss 2.8225  k~3433
step 2300  loss 3.0058  k~6060
step 2400  loss 2.9976  k~2109
step 2500  loss 2.9734  k~12200
step 2600  loss 2.8134  k~16015
step 2700  loss 2.8252  k~15518
step 2800  loss 3.0174  k~2277
step 2900  loss 3.0254  k~6547
step 3000  loss 3.1810  k~14241
step 3100  loss 2.9258  k~904
step 3200  loss 2.9483  k~11508
step 3300  loss 2.9271  k~2221
step 3400  loss 2.7213  k~10019
step 3500  loss 2.9956  k~986
step 3600  loss 3.0904  k~14460
step 3700  loss 2.8421  k~15217
step 3800  loss 2.6833  k~10198
step 3900  loss 2.9953  k~8310
evaluating sufficiency curve...
ERROR NODE: score=5.828 rank=18/16384 (max feat score 7.077)
=== SUFFICIENCY CURVE (prob-diff base-src; higher=more sufficient) ===
k=    1  learned acc=0.000 pd=-4.427   random acc=0.000 pd=-4.431
k=    2  learned acc=0.000 pd=-4.375   random acc=0.000 pd=-4.431
k=    4  learned acc=0.037 pd=-3.373   random acc=0.000 pd=-4.431
k=    8  learned acc=0.150 pd=-2.298   random acc=0.000 pd=-4.434
k=   12  learned acc=0.163 pd=-1.838   random acc=0.000 pd=-4.431
k=   16  learned acc=0.175 pd=-1.659   random acc=0.000 pd=-4.431
k=   24  learned acc=0.675 pd=+0.800   random acc=0.000 pd=-4.431
k=   32  learned acc=0.700 pd=+1.002   random acc=0.000 pd=-4.430
k=   48  learned acc=0.750 pd=+1.316   random acc=0.000 pd=-4.430
k=   64  learned acc=0.762 pd=+1.580   random acc=0.000 pd=-4.428
k=   96  learned acc=0.762 pd=+1.961   random acc=0.000 pd=-4.433
k=  128  learned acc=0.775 pd=+2.122   random acc=0.000 pd=-4.414
k=  192  learned acc=0.787 pd=+2.311   random acc=0.000 pd=-4.419
k=  256  learned acc=0.787 pd=+2.369   random acc=0.000 pd=-4.412
k=  384  learned acc=0.800 pd=+2.448   random acc=0.000 pd=-4.438
k=  512  learned acc=0.800 pd=+2.509   random acc=0.000 pd=-4.431
k=  768  learned acc=0.800 pd=+2.536   random acc=0.000 pd=-4.415
k= 1024  learned acc=0.812 pd=+2.555   random acc=0.000 pd=-4.487
k= 2048  learned acc=0.925 pd=+3.797   random acc=0.000 pd=-4.055
k= 4096  learned acc=0.925 pd=+3.819   random acc=0.013 pd=-3.727
