[transformers] `torch_dtype` is deprecated! Use `dtype` instead!
Loading weights:   0%|          | 0/288 [00:00<?, ?it/s]Loading weights:   0%|          | 1/288 [00:01<09:32,  2.00s/it]Loading weights:  32%|███▏      | 93/288 [00:02<00:03, 59.23it/s]Loading weights:  44%|████▍     | 126/288 [00:02<00:02, 61.64it/s]Loading weights:  51%|█████     | 147/288 [00:02<00:02, 62.16it/s]Loading weights:  56%|█████▋    | 162/288 [00:03<00:02, 62.37it/s]Loading weights:  60%|██████    | 174/288 [00:03<00:01, 59.48it/s]Loading weights:  64%|██████▍   | 184/288 [00:03<00:01, 57.86it/s]Loading weights:  67%|██████▋   | 193/288 [00:03<00:01, 53.45it/s]Loading weights:  70%|███████   | 202/288 [00:04<00:01, 50.79it/s]Loading weights:  72%|███████▏  | 208/288 [00:04<00:01, 51.42it/s]Loading weights:  74%|███████▍  | 214/288 [00:04<00:01, 51.92it/s]Loading weights:  76%|███████▋  | 220/288 [00:04<00:01, 52.72it/s]Loading weights:  80%|███████▉  | 229/288 [00:04<00:01, 49.71it/s]Loading weights:  82%|████████▏ | 235/288 [00:04<00:01, 50.03it/s]Loading weights:  85%|████████▍ | 244/288 [00:04<00:00, 51.03it/s]Loading weights:  88%|████████▊ | 254/288 [00:05<00:00, 49.72it/s]Loading weights:  93%|█████████▎| 268/288 [00:05<00:00, 64.33it/s]Loading weights:  95%|█████████▌| 275/288 [00:05<00:00, 65.10it/s]Loading weights: 100%|██████████| 288/288 [00:05<00:00, 53.14it/s]
task=syntaxgym/npi_ever_obj-relc num_spans=8 d_sae=16384 layer=12
step 0  loss 8.2527  k~10779
step 100  loss 3.3030  k~11208
step 200  loss 3.0893  k~14587
step 300  loss 3.0518  k~13858
step 400  loss 3.1138  k~4779
step 500  loss 3.2705  k~1630
step 600  loss 3.1394  k~11876
step 700  loss 2.8552  k~14254
step 800  loss 3.0316  k~14635
step 900  loss 2.6713  k~5613
step 1000  loss 2.8238  k~6740
step 1100  loss 3.0103  k~16284
step 1200  loss 3.1313  k~8976
step 1300  loss 2.8403  k~7056
step 1400  loss 2.9315  k~3576
step 1500  loss 2.8482  k~12460
step 1600  loss 2.9228  k~14233
step 1700  loss 3.0045  k~13306
step 1800  loss 2.7821  k~7622
step 1900  loss 2.8570  k~5338
step 2000  loss 2.8067  k~871
step 2100  loss 3.0537  k~4898
step 2200  loss 2.8779  k~6899
step 2300  loss 2.9779  k~8227
step 2400  loss 2.7739  k~15883
step 2500  loss 3.0895  k~11002
step 2600  loss 2.8996  k~13563
step 2700  loss 2.7159  k~13226
step 2800  loss 2.9455  k~3231
step 2900  loss 2.9458  k~15907
step 3000  loss 3.0480  k~10344
step 3100  loss 2.9296  k~15688
step 3200  loss 2.8798  k~119
step 3300  loss 2.7414  k~7145
step 3400  loss 2.9934  k~7930
step 3500  loss 3.0752  k~2394
step 3600  loss 2.9715  k~6336
step 3700  loss 2.8037  k~3982
step 3800  loss 3.0118  k~4253
step 3900  loss 3.3654  k~10995
evaluating sufficiency curve...
ERROR NODE: score=5.382 rank=12/16384 (max feat score 7.611)
=== SUFFICIENCY CURVE (prob-diff base-src; higher=more sufficient) ===
k=    1  learned acc=0.013 pd=-4.841   random acc=0.013 pd=-4.863
k=    2  learned acc=0.062 pd=-4.309   random acc=0.013 pd=-4.863
k=    4  learned acc=0.100 pd=-3.595   random acc=0.013 pd=-4.863
k=    8  learned acc=0.163 pd=-2.958   random acc=0.013 pd=-4.863
k=   12  learned acc=0.163 pd=-2.727   random acc=0.013 pd=-4.862
k=   16  learned acc=0.362 pd=-0.559   random acc=0.013 pd=-4.866
k=   24  learned acc=0.487 pd=-0.039   random acc=0.013 pd=-4.870
k=   32  learned acc=0.537 pd=+0.264   random acc=0.013 pd=-4.868
k=   48  learned acc=0.562 pd=+0.494   random acc=0.013 pd=-4.873
k=   64  learned acc=0.925 pd=+3.105   random acc=0.013 pd=-4.860
k=   96  learned acc=0.925 pd=+3.291   random acc=0.013 pd=-4.863
k=  128  learned acc=0.925 pd=+3.391   random acc=0.013 pd=-4.858
k=  192  learned acc=0.950 pd=+3.634   random acc=0.013 pd=-4.856
k=  256  learned acc=0.963 pd=+3.734   random acc=0.013 pd=-4.841
k=  384  learned acc=0.975 pd=+4.000   random acc=0.013 pd=-4.850
k=  512  learned acc=0.988 pd=+4.114   random acc=0.013 pd=-4.843
k=  768  learned acc=0.975 pd=+4.153   random acc=0.013 pd=-4.834
k= 1024  learned acc=0.988 pd=+4.191   random acc=0.013 pd=-4.830
k= 2048  learned acc=0.988 pd=+4.223   random acc=0.037 pd=-4.613
k= 4096  learned acc=0.988 pd=+4.280   random acc=0.050 pd=-4.145
